<html>
<body>
<pre>
<h1>µVision Build Log</h1>
<h2>Tool Versions:</h2>
IDE-Version: ¦ÌVision V5.23.0.0
Copyright (C) 2017 ARM Ltd and ARM Germany GmbH. All rights reserved.
License Information: 00 Microsoft, Microsoft, LIC=CZLX7-ENA72-2Y7V0-BSJZF-5SI46-HJYQH
 
Tool Versions:
Toolchain:       MDK-ARM Plus  Version: 5.23
Toolchain Path:  C:\Keil_v5\ARM\ARMCC\Bin
C Compiler:      Armcc.exe V5.06 update 4 (build 422)
Assembler:       Armasm.exe V5.06 update 4 (build 422)
Linker/Locator:  ArmLink.exe V5.06 update 4 (build 422)
Library Manager: ArmAr.exe V5.06 update 4 (build 422)
Hex Converter:   FromElf.exe V5.06 update 4 (build 422)
CPU DLL:         SARMCM3.DLL V5.23
Dialog DLL:      DCM.DLL V1.15.0.0
Target DLL:      Segger\JL2CM3.dll V2.99.23.0
Dialog DLL:      TCM.DLL V1.27.0.0
 
<h2>Project:</h2>
C:\Users\t\Desktop\wm_lan9252_ADC_20171229\wm_lan9252_ADC\Project\Project.uvprojx
Project File Date:  12/29/2017

<h2>Output:</h2>
*** Using Compiler 'V5.06 update 4 (build 422)', folder: 'C:\Keil_v5\ARM\ARMCC\Bin'
*** Note: Rebuilding project, since 'Options->Output->Create Batch File' is selected.
Rebuild target 'STM32F40_41xxx'
assembling startup_stm32f40_41xxx.s...
compiling system_stm32f4xx.c...
compiling misc.c...
compiling stm32f4xx_adc.c...
compiling stm32f4xx_dma.c...
compiling stm32f4xx_exti.c...
compiling stm32f4xx_fsmc.c...
compiling stm32f4xx_gpio.c...
compiling stm32f4xx_rcc.c...
compiling stm32f4xx_syscfg.c...
compiling stm32f4xx_tim.c...
compiling stm32f4xx_usart.c...
compiling stm32f4xx_spi.c...
compiling bsp.c...
compiling stm32f405hw.c...
compiling stm32f405appl.c...
..\User\stm32f405appl.c(553): warning:  #111-D: statement is unreachable
      return 0;
..\User\stm32f405appl.c: 1 warning, 0 errors
compiling coeappl.c...
compiling ecatappl.c...
compiling aoeappl.c...
compiling ecataoe.c...
compiling foeappl.c...
compiling ecatcoe.c...
compiling bootmode.c...
compiling diag.c...
compiling ecatfoe.c...
compiling ecateoe.c...
compiling ecatslv.c...
compiling ecatsoe.c...
compiling emcy.c...
compiling eoeappl.c...
compiling mailbox.c...
compiling objdef.c...
..\Ethercat\src\objdef.c(729): warning:  #111-D: statement is unreachable
          break;
..\Ethercat\src\objdef.c(890): warning:  #767-D: conversion from pointer to smaller integer
              if((((
INT16)pVarPtr) & 0x1) == 0x1)
..\Ethercat\src\objdef.c(897): warning:  #767-D: conversion from pointer to smaller integer
                  pVarPtr = (
INT16 
BXMEM *)(((
EM_ADDR)pVarPtr)& ~(MEM_ADDR)0x1);
..\Ethercat\src\objdef.c: 3 warnings, 0 errors
compiling sdoserv.c...
linking...
Program Size: Code=34780 RO-data=2132 RW-data=1456 ZI-data=17328  
FromELF: creating hex file...
"STM32F40_41xxx\STM32F40_41xxx.axf" - 0 Error(s), 4 Warning(s).

<h2>Collection of Component include folders:</h2>
  .\RTE\_STM32F40_41xxx
  C:\Keil_v5\ARM\PACK\Keil\STM32F4xx_DFP\2.11.0\Drivers\CMSIS\Device\ST\STM32F4xx\Include

<h2>Collection of Component Files used:</h2>
Build Time Elapsed:  00:00:13
</pre>
</body>
</html>
