Component: ARM Compiler 5.06 update 4 (build 422) Tool: armlink [4d35d2]

==============================================================================

Section Cross References

    startup_stm32f40_41xxx.o(RESET) refers to startup_stm32f40_41xxx.o(STACK) for __initial_sp
    startup_stm32f40_41xxx.o(RESET) refers to startup_stm32f40_41xxx.o(.text) for Reset_Handler
    startup_stm32f40_41xxx.o(RESET) refers to stm32f405hw.o(.text) for SysTick_Handler
    startup_stm32f40_41xxx.o(.text) refers to system_stm32f4xx.o(.text) for SystemInit
    startup_stm32f40_41xxx.o(.text) refers to entry.o(.ARM.Collect$$$$00000000) for __main
    system_stm32f4xx.o(.text) refers to system_stm32f4xx.o(.data) for SystemCoreClock
    stm32f4xx_adc.o(.text) refers to stm32f4xx_rcc.o(.text) for RCC_APB2PeriphResetCmd
    stm32f4xx_fsmc.o(.text) refers to stm32f4xx_fsmc.o(.constdata) for FSMC_DefaultTimingStruct
    stm32f4xx_gpio.o(.text) refers to stm32f4xx_rcc.o(.text) for RCC_AHB1PeriphResetCmd
    stm32f4xx_rcc.o(.text) refers to stm32f4xx_rcc.o(.data) for APBAHBPrescTable
    stm32f4xx_syscfg.o(.text) refers to stm32f4xx_rcc.o(.text) for RCC_APB2PeriphResetCmd
    stm32f4xx_tim.o(.text) refers to stm32f4xx_rcc.o(.text) for RCC_APB2PeriphResetCmd
    stm32f4xx_usart.o(.text) refers to stm32f4xx_rcc.o(.text) for RCC_APB2PeriphResetCmd
    stm32f4xx_spi.o(.text) refers to stm32f4xx_rcc.o(.text) for RCC_APB2PeriphResetCmd
    bsp.o(.text) refers to stm32f4xx_rcc.o(.text) for RCC_AHB1PeriphClockCmd
    bsp.o(.text) refers to stm32f4xx_gpio.o(.text) for GPIO_Init
    bsp.o(.text) refers to stm32f4xx_usart.o(.text) for USART_Init
    bsp.o(.text) refers to stm32f4xx_dma.o(.text) for DMA_Init
    bsp.o(.text) refers to stm32f4xx_adc.o(.text) for ADC_CommonInit
    bsp.o(.text) refers to stm32f4xx_spi.o(.text) for SPI_Init
    bsp.o(.text) refers to stm32f4xx_tim.o(.text) for TIM_DeInit
    bsp.o(.text) refers to bsp.o(.data) for uhADCxConvertedValue
    bsp.o(.text) refers to stm32f4xx_syscfg.o(.text) for SYSCFG_EXTILineConfig
    bsp.o(.text) refers to stm32f4xx_exti.o(.text) for EXTI_Init
    bsp.o(.text) refers to misc.o(.text) for NVIC_PriorityGroupConfig
    bsp.o(.text) refers to stm32f4xx_fsmc.o(.text) for FSMC_NORSRAMInit
    bsp.o(.text) refers to memcpya.o(.text) for __aeabi_memcpy
    stm32f405hw.o(.text) refers to bsp.o(.text) for PMPReadDRegister
    stm32f405hw.o(.text) refers to ecatappl.o(.text) for PDI_Isr
    stm32f405hw.o(.text) refers to stm32f4xx_exti.o(.text) for EXTI_ClearITPendingBit
    stm32f405hw.o(.text) refers to stm32f405hw.o(.data) for EscALEvent
    stm32f405appl.o(.text) refers to objdef.o(.text) for OBJ_GetObjectHandle
    stm32f405appl.o(.text) refers to memseta.o(.text) for __aeabi_memclr
    stm32f405appl.o(.text) refers to stm32f405hw.o(.text) for HW_Init
    stm32f405appl.o(.text) refers to ecatappl.o(.text) for MainInit
    stm32f405appl.o(.text) refers to stm32f4xx_spi.o(.text) for SPI_I2S_ReceiveData
    stm32f405appl.o(.text) refers to stm32f405appl.o(.data) for sDOOutputs
    stm32f405appl.o(.text) refers to stm32f405appl.o(.bss) for ad7606_value
    stm32f405appl.o(.text) refers to ecatappl.o(.data) for bRunApplication
    stm32f405appl.o(.data) refers to stm32f405appl.o(.constdata) for asEntryDesc0x0800
    stm32f405appl.o(.data) refers to stm32f405appl.o(.text) for ReadObject0x1802
    coeappl.o(.text) refers to malloc.o(i.free) for free
    coeappl.o(.text) refers to sdoserv.o(.text) for SDOS_SdoRes
    coeappl.o(.text) refers to coeappl.o(.data) for ObjDicList
    coeappl.o(.text) refers to stm32f405appl.o(.data) for ApplicationObjDic
    coeappl.o(.text) refers to objdef.o(.bss) for sSyncManOutPar
    coeappl.o(.text) refers to objdef.o(.data) for bSyncSetByUser
    coeappl.o(.text) refers to sdoserv.o(.data) for u8PendingSdo
    coeappl.o(.data) refers to coeappl.o(.constdata) for sEntryDesc0x1000
    coeappl.o(.data) refers to objdef.o(.data) for sErrorSettings
    coeappl.o(.data) refers to objdef.o(.bss) for sSyncManOutPar
    ecatappl.o(.text) refers to stm32f405appl.o(.text) for APPL_InputMapping
    ecatappl.o(.text) refers to stm32f405hw.o(.text) for HW_EscWriteIsr
    ecatappl.o(.text) refers to ecatslv.o(.text) for DC_CheckWatchdog
    ecatappl.o(.text) refers to coeappl.o(.text) for COE_ObjInit
    ecatappl.o(.text) refers to ecatappl.o(.bss) for aPdInputData
    ecatappl.o(.text) refers to ecatslv.o(.data) for nPdInputSize
    ecatappl.o(.text) refers to objdef.o(.bss) for sSyncManOutPar
    ecatappl.o(.text) refers to ecatappl.o(.data) for u16BusCycleCntMs
    ecatappl.o(.text) refers to objdef.o(.data) for sErrorSettings
    ecatcoe.o(.text) refers to sdoserv.o(.text) for SDOS_SdoInd
    ecatcoe.o(.text) refers to mailbox.o(.text) for MBX_MailboxSendReq
    ecatcoe.o(.text) refers to malloc.o(i.malloc) for malloc
    ecatcoe.o(.text) refers to memcpya.o(.text) for __aeabi_memcpy
    ecatcoe.o(.text) refers to ecatcoe.o(.data) for pCoeSendStored
[...]
    ..\\Ethercat\\src\\objdef.c              0x00000000   Number         0  objdef.o ABSOLUTE
    ..\\Ethercat\\src\\sdoserv.c             0x00000000   Number         0  sdoserv.o ABSOLUTE
    ..\\Libraries\\STM32F4xx_StdPeriph_Driver\\src\\misc.c 0x00000000   Number         0  misc.o ABSOLUTE
    ..\\Libraries\\STM32F4xx_StdPeriph_Driver\\src\\stm32f4xx_adc.c 0x00000000   Number         0  stm32f4xx_adc.o ABSOLUTE
    ..\\Libraries\\STM32F4xx_StdPeriph_Driver\\src\\stm32f4xx_dma.c 0x00000000   Number         0  stm32f4xx_dma.o ABSOLUTE
    ..\\Libraries\\STM32F4xx_StdPeriph_Driver\\src\\stm32f4xx_exti.c 0x00000000   Number         0  stm32f4xx_exti.o ABSOLUTE
    ..\\Libraries\\STM32F4xx_StdPeriph_Driver\\src\\stm32f4xx_fsmc.c 0x00000000   Number         0  stm32f4xx_fsmc.o ABSOLUTE
    ..\\Libraries\\STM32F4xx_StdPeriph_Driver\\src\\stm32f4xx_gpio.c 0x00000000   Number         0  stm32f4xx_gpio.o ABSOLUTE
    ..\\Libraries\\STM32F4xx_StdPeriph_Driver\\src\\stm32f4xx_rcc.c 0x00000000   Number         0  stm32f4xx_rcc.o ABSOLUTE
    ..\\Libraries\\STM32F4xx_StdPeriph_Driver\\src\\stm32f4xx_spi.c 0x00000000   Number         0  stm32f4xx_spi.o ABSOLUTE
    ..\\Libraries\\STM32F4xx_StdPeriph_Driver\\src\\stm32f4xx_syscfg.c 0x00000000   Number         0  stm32f4xx_syscfg.o ABSOLUTE
    ..\\Libraries\\STM32F4xx_StdPeriph_Driver\\src\\stm32f4xx_tim.c 0x00000000   Number         0  stm32f4xx_tim.o ABSOLUTE
    ..\\Libraries\\STM32F4xx_StdPeriph_Driver\\src\\stm32f4xx_usart.c 0x00000000   Number         0  stm32f4xx_usart.o ABSOLUTE
    ..\\User\\bsp.c                          0x00000000   Number         0  bsp.o ABSOLUTE
    ..\\User\\stm32f405appl.c                0x00000000   Number         0  stm32f405appl.o ABSOLUTE
    ..\\User\\stm32f405hw.c                  0x00000000   Number         0  stm32f405hw.o ABSOLUTE
    ..\\User\\system_stm32f4xx.c             0x00000000   Number         0  system_stm32f4xx.o ABSOLUTE
    dc.s                                     0x00000000   Number         0  dc.o ABSOLUTE
    handlers.s                               0x00000000   Number         0  handlers.o ABSOLUTE
    init.s                                   0x00000000   Number         0  init.o ABSOLUTE
    RESET                                    0x08000000   Section      392  startup_stm32f40_41xxx.o(RESET)
    .ARM.Collect$$$$00000000                 0x08000188   Section        0  entry.o(.ARM.Collect$$$$00000000)
    .ARM.Collect$$$$00000001                 0x08000188   Section        4  entry2.o(.ARM.Collect$$$$00000001)
    .ARM.Collect$$$$00000004                 0x0800018c   Section        4  entry5.o(.ARM.Collect$$$$00000004)
    .ARM.Collect$$$$00000008                 0x08000190   Section        0  entry7b.o(.ARM.Collect$$$$00000008)
    .ARM.Collect$$$$0000000A                 0x08000190   Section        0  entry8b.o(.ARM.Collect$$$$0000000A)
    .ARM.Collect$$$$0000000B                 0x08000190   Section        8  entry9a.o(.ARM.Collect$$$$0000000B)
    .ARM.Collect$$$$0000000D                 0x08000198   Section        0  entry10a.o(.ARM.Collect$$$$0000000D)
    .ARM.Collect$$$$0000000F                 0x08000198   Section        0  entry11a.o(.ARM.Collect$$$$0000000F)
    .ARM.Collect$$$$00002712                 0x08000198   Section        4  entry2.o(.ARM.Collect$$$$00002712)
    __lit__00000000                          0x08000198   Data           4  entry2.o(.ARM.Collect$$$$00002712)
    .text                                    0x0800019c   Section       36  startup_stm32f40_41xxx.o(.text)
    $v0                                      0x0800019c   Number         0  startup_stm32f40_41xxx.o(.text)
    .text                                    0x080001c0   Section        0  system_stm32f4xx.o(.text)
    SetSysClock                              0x080001c1   Thumb Code   220  system_stm32f4xx.o(.text)
    .text                                    0x080003d0   Section        0  misc.o(.text)
    .text                                    0x080004b0   Section        0  stm32f4xx_adc.o(.text)
    .text                                    0x08000914   Section        0  stm32f4xx_dma.o(.text)
    .text                                    0x08000cbc   Section        0  stm32f4xx_exti.o(.text)
    .text                                    0x08000dcc   Section        0  stm32f4xx_fsmc.o(.text)
    .text                                    0x08001460   Section        0  stm32f4xx_gpio.o(.text)
    .text                                    0x080016f4   Section        0  stm32f4xx_rcc.o(.text)
    .text                                    0x08001d50   Section        0  stm32f4xx_syscfg.o(.text)
    .text                                    0x08001de4   Section        0  stm32f4xx_tim.o(.text)
    TI4_Config                               0x08002583   Thumb Code    80  stm32f4xx_tim.o(.text)
    TI3_Config                               0x080025e5   Thumb Code    72  stm32f4xx_tim.o(.text)
    TI2_Config                               0x08002647   Thumb Code    90  stm32f4xx_tim.o(.text)
    TI1_Config                               0x080026b3   Thumb Code    58  stm32f4xx_tim.o(.text)
    .text                                    0x08002a88   Section        0  stm32f4xx_usart.o(.text)
    .text                                    0x08002edc   Section        0  stm32f4xx_spi.o(.text)
    .text                                    0x0800335c   Section        0  bsp.o(.text)
    CRC_CHECK                                0x0800347f   Thumb Code    60  bsp.o(.text)
    .text                                    0x08003e50   Section        0  stm32f405hw.o(.text)
    GetInterruptRegister                     0x08003e91   Thumb Code    20  stm32f405hw.o(.text)
    ISR_GetInterruptRegister                 0x08003ea5   Thumb Code    16  stm32f405hw.o(.text)
    NVIC_EnableIRQ                           0x080040bb   Thumb Code    22  stm32f405hw.o(.text)
    .text                                    0x080040d8   Section        0  stm32f405appl.o(.text)
    .text                                    0x0800458c   Section        0  coeappl.o(.text)
    .text                                    0x08004824   Section        0  ecatappl.o(.text)
    .text                                    0x08004c64   Section        0  ecatcoe.o(.text)
    .text                                    0x08004d04   Section        0  ecatslv.o(.text)
    NVIC_EnableIRQ                           0x080063e7   Thumb Code    22  ecatslv.o(.text)
    NVIC_DisableIRQ                          0x080063fd   Thumb Code    18  ecatslv.o(.text)
    .text                                    0x08006418   Section        0  mailbox.o(.text)
    .text                                    0x08006b00   Section        0  objdef.o(.text)
    .text                                    0x0800794c   Section        0  sdoserv.o(.text)
    SdoDownloadSegmentInd                    0x0800794d   Thumb Code   596  sdoserv.o(.text)
    SdoUploadSegmentInd                      0x08007ba1   Thumb Code   388  sdoserv.o(.text)
    .text                                    0x08008668   Section        0  memcpya.o(.text)
    .text                                    0x0800868c   Section        0  memseta.o(.text)
    .text                                    0x080086b0   Section        0  strlen.o(.text)
    .text                                    0x080086c0   Section       36  init.o(.text)
    .text                                    0x080086e4   Section        0  __dczerorl2.o(.text)
    i.__scatterload_copy                     0x0800873a   Section       14  handlers.o(i.__scatterload_copy)
    i.__scatterload_null                     0x08008748   Section        2  handlers.o(i.__scatterload_null)
    i.__scatterload_zeroinit                 0x0800874a   Section       14  handlers.o(i.__scatterload_zeroinit)
    i.free                                   0x08008758   Section        0  malloc.o(i.free)
    i.malloc                                 0x080087a8   Section        0  malloc.o(i.malloc)
    .constdata                               0x08008814   Section       28  stm32f4xx_fsmc.o(.constdata)
    .constdata                               0x08008830   Section      511  stm32f405appl.o(.constdata)
    .constdata                               0x08008a30   Section     1015  coeappl.o(.constdata)
    .constdata                               0x08008e28   Section       32  objdef.o(.constdata)
    .constdata                               0x08008e48   Section      120  sdoserv.o(.constdata)
    .data                                    0x20000000   Section       20  system_stm32f4xx.o(.data)
    .data                                    0x20000014   Section       16  stm32f4xx_rcc.o(.data)
    APBAHBPrescTable                         0x20000014   Data          16  stm32f4xx_rcc.o(.data)
    .data                                    0x20000024   Section        8  bsp.o(.data)
    i                                        0x20000028   Data           4  bsp.o(.data)
    .data                                    0x2000002c   Section        2  stm32f405hw.o(.data)
    .data                                    0x20000030   Section      648  stm32f405appl.o(.data)
    .data                                    0x200002b8   Section      500  coeappl.o(.data)
    .data                                    0x200004ac   Section       26  ecatappl.o(.data)
    .data                                    0x200004c8   Section        4  ecatcoe.o(.data)
    .data                                    0x200004cc   Section       73  ecatslv.o(.data)
    .data                                    0x20000518   Section       33  mailbox.o(.data)
    .data                                    0x2000053c   Section       29  objdef.o(.data)
    .data                                    0x2000055c   Section       60  sdoserv.o(.data)
    .data                                    0x20000598   Section        4  mvars.o(.data)
    .data                                    0x2000059c   Section        4  mvars.o(.data)
    .bss                                     0x200005a0   Section       16  stm32f405appl.o(.bss)
    .bss                                     0x200005b0   Section      136  ecatappl.o(.bss)
    .bss                                     0x20000638   Section      616  mailbox.o(.bss)
    .bss                                     0x200008a0   Section      136  objdef.o(.bss)
    .bss                                     0x20000928   Section       14  sdoserv.o(.bss)
    HEAP                                     0x20000938   Section     8192  startup_stm32f40_41xxx.o(HEAP)
    STACK                                    0x20002938   Section     8192  startup_stm32f40_41xxx.o(STACK)

    Global Symbols

    Symbol Name                              Value     Ov Type        Size  Object(Section)

    BuildAttributes$$THM_ISAv4$E$P$D$K$B$S$7EM$VFPi3$EXTD16$VFPS$VFMA$PE$A:L22UL41UL21$X:L11$S22US41US21$IEEE1$IW$USESV6$~STKCKD$USESV7$~SHL$OSPACE$EBA8$MICROLIB$REQ8$PRES8$EABIv2 0x00000000   Number         0  anon$$obj.o ABSOLUTE
    __ARM_use_no_argv                        0x00000000   Number         0  stm32f405appl.o ABSOLUTE
    __cpp_initialize__aeabi_                  - Undefined Weak Reference
    __cxa_finalize                            - Undefined Weak Reference
    _clock_init                               - Undefined Weak Reference
    _microlib_exit                            - Undefined Weak Reference
    __Vectors_Size                           0x00000188   Number         0  startup_stm32f40_41xxx.o ABSOLUTE
    __Vectors                                0x08000000   Data           4  startup_stm32f40_41xxx.o(RESET)
    __Vectors_End                            0x08000188   Data           0  startup_stm32f40_41xxx.o(RESET)
    __main                                   0x08000189   Thumb Code     0  entry.o(.ARM.Collect$$$$00000000)
    _main_stk                                0x08000189   Thumb Code     0  entry2.o(.ARM.Collect$$$$00000001)
    _main_scatterload                        0x0800018d   Thumb Code     0  entry5.o(.ARM.Collect$$$$00000004)
    __main_after_scatterload                 0x08000191   Thumb Code     0  entry5.o(.ARM.Collect$$$$00000004)
    _main_clock                              0x08000191   Thumb Code     0  entry7b.o(.ARM.Collect$$$$00000008)
    _main_cpp_init                           0x08000191   Thumb Code     0  entry8b.o(.ARM.Collect$$$$0000000A)
    _main_init                               0x08000191   Thumb Code     0  entry9a.o(.ARM.Collect$$$$0000000B)
    __rt_final_cpp                           0x08000199   Thumb Code     0  entry10a.o(.ARM.Collect$$$$0000000D)
    __rt_final_exit                          0x08000199   Thumb Code     0  entry11a.o(.ARM.Collect$$$$0000000F)
    Reset_Handler                            0x0800019d   Thumb Code     8  startup_stm32f40_41xxx.o(.text)
    NMI_Handler                              0x080001a5   Thumb Code     2  startup_stm32f40_41xxx.o(.text)
    HardFault_Handler                        0x080001a7   Thumb Code     2  startup_stm32f40_41xxx.o(.text)
    MemManage_Handler                        0x080001a9   Thumb Code     2  startup_stm32f40_41xxx.o(.text)
    BusFault_Handler                         0x080001ab   Thumb Code     2  startup_stm32f40_41xxx.o(.text)
    UsageFault_Handler                       0x080001ad   Thumb Code     2  startup_stm32f40_41xxx.o(.text)
    SVC_Handler                              0x080001af   Thumb Code     2  startup_stm32f40_41xxx.o(.text)
    DebugMon_Handler                         0x080001b1   Thumb Code     2  startup_stm32f40_41xxx.o(.text)
    PendSV_Handler                           0x080001b3   Thumb Code     2  startup_stm32f40_41xxx.o(.text)
    ADC_IRQHandler                           0x080001b7   Thumb Code     0  startup_stm32f40_41xxx.o(.text)
    CAN1_RX0_IRQHandler                      0x080001b7   Thumb Code     0  startup_stm32f40_41xxx.o(.text)
    CAN1_RX1_IRQHandler                      0x080001b7   Thumb Code     0  startup_stm32f40_41xxx.o(.text)
    CAN1_SCE_IRQHandler                      0x080001b7   Thumb Code     0  startup_stm32f40_41xxx.o(.text)
    CAN1_TX_IRQHandler                       0x080001b7   Thumb Code     0  startup_stm32f40_41xxx.o(.text)
    CAN2_RX0_IRQHandler                      0x080001b7   Thumb Code     0  startup_stm32f40_41xxx.o(.text)
    CAN2_RX1_IRQHandler                      0x080001b7   Thumb Code     0  startup_stm32f40_41xxx.o(.text)
    CAN2_SCE_IRQHandler                      0x080001b7   Thumb Code     0  startup_stm32f40_41xxx.o(.text)
    CAN2_TX_IRQHandler                       0x080001b7   Thumb Code     0  startup_stm32f40_41xxx.o(.text)
    CRYP_IRQHandler                          0x080001b7   Thumb Code     0  startup_stm32f40_41xxx.o(.text)
    DCMI_IRQHandler                          0x080001b7   Thumb Code     0  startup_stm32f40_41xxx.o(.text)
    DMA1_Stream0_IRQHandler                  0x080001b7   Thumb Code     0  startup_stm32f40_41xxx.o(.text)
    DMA1_Stream1_IRQHandler                  0x080001b7   Thumb Code     0  startup_stm32f40_41xxx.o(.text)
    DMA1_Stream2_IRQHandler                  0x080001b7   Thumb Code     0  startup_stm32f40_41xxx.o(.text)
    DMA1_Stream3_IRQHandler                  0x080001b7   Thumb Code     0  startup_stm32f40_41xxx.o(.text)
    DMA1_Stream4_IRQHandler                  0x080001b7   Thumb Code     0  startup_stm32f40_41xxx.o(.text)
    DMA1_Stream5_IRQHandler                  0x080001b7   Thumb Code     0  startup_stm32f40_41xxx.o(.text)
    DMA1_Stream6_IRQHandler                  0x080001b7   Thumb Code     0  startup_stm32f40_41xxx.o(.text)
    DMA1_Stream7_IRQHandler                  0x080001b7   Thumb Code     0  startup_stm32f40_41xxx.o(.text)
    DMA2_Stream0_IRQHandler                  0x080001b7   Thumb Code     0  startup_stm32f40_41xxx.o(.text)
    DMA2_Stream1_IRQHandler                  0x080001b7   Thumb Code     0  startup_stm32f40_41xxx.o(.text)
    DMA2_Stream2_IRQHandler                  0x080001b7   Thumb Code     0  startup_stm32f40_41xxx.o(.text)
    DMA2_Stream3_IRQHandler                  0x080001b7   Thumb Code     0  startup_stm32f40_41xxx.o(.text)
    DMA2_Stream4_IRQHandler                  0x080001b7   Thumb Code     0  startup_stm32f40_41xxx.o(.text)
    DMA2_Stream5_IRQHandler                  0x080001b7   Thumb Code     0  startup_stm32f40_41xxx.o(.text)
    DMA2_Stream6_IRQHandler                  0x080001b7   Thumb Code     0  startup_stm32f40_41xxx.o(.text)
    DMA2_Stream7_IRQHandler                  0x080001b7   Thumb Code     0  startup_stm32f40_41xxx.o(.text)
    ETH_IRQHandler                           0x080001b7   Thumb Code     0  startup_stm32f40_41xxx.o(.text)
    ETH_WKUP_IRQHandler                      0x080001b7   Thumb Code     0  startup_stm32f40_41xxx.o(.text)
    EXTI1_IRQHandler                         0x080001b7   Thumb Code     0  startup_stm32f40_41xxx.o(.text)
    EXTI2_IRQHandler                         0x080001b7   Thumb Code     0  startup_stm32f40_41xxx.o(.text)
    EXTI3_IRQHandler                         0x080001b7   Thumb Code     0  startup_stm32f40_41xxx.o(.text)
    EXTI4_IRQHandler                         0x080001b7   Thumb Code     0  startup_stm32f40_41xxx.o(.text)
    FLASH_IRQHandler                         0x080001b7   Thumb Code     0  startup_stm32f40_41xxx.o(.text)
    FPU_IRQHandler                           0x080001b7   Thumb Code     0  startup_stm32f40_41xxx.o(.text)
    FSMC_IRQHandler                          0x080001b7   Thumb Code     0  startup_stm32f40_41xxx.o(.text)
    HASH_RNG_IRQHandler                      0x080001b7   Thumb Code     0  startup_stm32f40_41xxx.o(.text)
    I2C1_ER_IRQHandler                       0x080001b7   Thumb Code     0  startup_stm32f40_41xxx.o(.text)
    I2C1_EV_IRQHandler                       0x080001b7   Thumb Code     0  startup_stm32f40_41xxx.o(.text)
    I2C2_ER_IRQHandler                       0x080001b7   Thumb Code     0  startup_stm32f40_41xxx.o(.text)
    I2C2_EV_IRQHandler                       0x080001b7   Thumb Code     0  startup_stm32f40_41xxx.o(.text)
    I2C3_ER_IRQHandler                       0x080001b7   Thumb Code     0  startup_stm32f40_41xxx.o(.text)
    I2C3_EV_IRQHandler                       0x080001b7   Thumb Code     0  startup_stm32f40_41xxx.o(.text)
    OTG_FS_IRQHandler                        0x080001b7   Thumb Code     0  startup_stm32f40_41xxx.o(.text)
    OTG_FS_WKUP_IRQHandler                   0x080001b7   Thumb Code     0  startup_stm32f40_41xxx.o(.text)
    OTG_HS_EP1_IN_IRQHandler                 0x080001b7   Thumb Code     0  startup_stm32f40_41xxx.o(.text)
    OTG_HS_EP1_OUT_IRQHandler                0x080001b7   Thumb Code     0  startup_stm32f40_41xxx.o(.text)
    OTG_HS_IRQHandler                        0x080001b7   Thumb Code     0  startup_stm32f40_41xxx.o(.text)
    OTG_HS_WKUP_IRQHandler                   0x080001b7   Thumb Code     0  startup_stm32f40_41xxx.o(.text)
    PVD_IRQHandler                           0x080001b7   Thumb Code     0  startup_stm32f40_41xxx.o(.text)
    RCC_IRQHandler                           0x080001b7   Thumb Code     0  startup_stm32f40_41xxx.o(.text)
    RTC_Alarm_IRQHandler                     0x080001b7   Thumb Code     0  startup_stm32f40_41xxx.o(.text)
    RTC_WKUP_IRQHandler                      0x080001b7   Thumb Code     0  startup_stm32f40_41xxx.o(.text)
    SDIO_IRQHandler                          0x080001b7   Thumb Code     0  startup_stm32f40_41xxx.o(.text)
    SPI1_IRQHandler                          0x080001b7   Thumb Code     0  startup_stm32f40_41xxx.o(.text)
    SPI2_IRQHandler                          0x080001b7   Thumb Code     0  startup_stm32f40_41xxx.o(.text)
    SPI3_IRQHandler                          0x080001b7   Thumb Code     0  startup_stm32f40_41xxx.o(.text)
    TAMP_STAMP_IRQHandler                    0x080001b7   Thumb Code     0  startup_stm32f40_41xxx.o(.text)
    TIM1_BRK_TIM9_IRQHandler                 0x080001b7   Thumb Code     0  startup_stm32f40_41xxx.o(.text)
    TIM1_CC_IRQHandler                       0x080001b7   Thumb Code     0  startup_stm32f40_41xxx.o(.text)
    TIM1_TRG_COM_TIM11_IRQHandler            0x080001b7   Thumb Code     0  startup_stm32f40_41xxx.o(.text)
    TIM1_UP_TIM10_IRQHandler                 0x080001b7   Thumb Code     0  startup_stm32f40_41xxx.o(.text)
    TIM2_IRQHandler                          0x080001b7   Thumb Code     0  startup_stm32f40_41xxx.o(.text)
    TIM3_IRQHandler                          0x080001b7   Thumb Code     0  startup_stm32f40_41xxx.o(.text)
    TIM4_IRQHandler                          0x080001b7   Thumb Code     0  startup_stm32f40_41xxx.o(.text)
    TIM5_IRQHandler                          0x080001b7   Thumb Code     0  startup_stm32f40_41xxx.o(.text)
    TIM6_DAC_IRQHandler                      0x080001b7   Thumb Code     0  startup_stm32f40_41xxx.o(.text)
    TIM7_IRQHandler                          0x080001b7   Thumb Code     0  startup_stm32f40_41xxx.o(.text)
    TIM8_BRK_TIM12_IRQHandler                0x080001b7   Thumb Code     0  startup_stm32f40_41xxx.o(.text)
    TIM8_CC_IRQHandler                       0x080001b7   Thumb Code     0  startup_stm32f40_41xxx.o(.text)
    TIM8_TRG_COM_TIM14_IRQHandler            0x080001b7   Thumb Code     0  startup_stm32f40_41xxx.o(.text)
    TIM8_UP_TIM13_IRQHandler                 0x080001b7   Thumb Code     0  startup_stm32f40_41xxx.o(.text)
    UART4_IRQHandler                         0x080001b7   Thumb Code     0  startup_stm32f40_41xxx.o(.text)
    UART5_IRQHandler                         0x080001b7   Thumb Code     0  startup_stm32f40_41xxx.o(.text)
    USART1_IRQHandler                        0x080001b7   Thumb Code     0  startup_stm32f40_41xxx.o(.text)
    USART2_IRQHandler                        0x080001b7   Thumb Code     0  startup_stm32f40_41xxx.o(.text)
    USART3_IRQHandler                        0x080001b7   Thumb Code     0  startup_stm32f40_41xxx.o(.text)
    USART6_IRQHandler                        0x080001b7   Thumb Code     0  startup_stm32f40_41xxx.o(.text)
    WWDG_IRQHandler                          0x080001b7   Thumb Code     0  startup_stm32f40_41xxx.o(.text)
    SystemInit                               0x0800029d   Thumb Code    88  system_stm32f4xx.o(.text)
    SystemCoreClockUpdate                    0x080002f5   Thumb Code   174  system_stm32f4xx.o(.text)
    NVIC_PriorityGroupConfig                 0x080003d1   Thumb Code    10  misc.o(.text)
    NVIC_Init                                0x080003db   Thumb Code   106  misc.o(.text)
    NVIC_SetVectorTable                      0x08000445   Thumb Code    14  misc.o(.text)
    NVIC_SystemLPConfig                      0x08000453   Thumb Code    34  misc.o(.text)
    SysTick_CLKSourceConfig                  0x08000475   Thumb Code    40  misc.o(.text)
    ADC_DeInit                               0x080004b1   Thumb Code    22  stm32f4xx_adc.o(.text)
    ADC_Init                                 0x080004c7   Thumb Code    74  stm32f4xx_adc.o(.text)
    ADC_StructInit                           0x08000511   Thumb Code    20  stm32f4xx_adc.o(.text)
    ADC_CommonInit                           0x08000525   Thumb Code    34  stm32f4xx_adc.o(.text)
    ADC_CommonStructInit                     0x08000547   Thumb Code    12  stm32f4xx_adc.o(.text)
    ADC_Cmd                                  0x08000553   Thumb Code    22  stm32f4xx_adc.o(.text)
    ADC_AnalogWatchdogCmd                    0x08000569   Thumb Code    16  stm32f4xx_adc.o(.text)
    ADC_AnalogWatchdogThresholdsConfig       0x08000579   Thumb Code     6  stm32f4xx_adc.o(.text)
    ADC_AnalogWatchdogSingleChannelConfig    0x0800057f   Thumb Code    16  stm32f4xx_adc.o(.text)
    ADC_TempSensorVrefintCmd                 0x0800058f   Thumb Code    34  stm32f4xx_adc.o(.text)
    ADC_VBATCmd                              0x080005b1   Thumb Code    34  stm32f4xx_adc.o(.text)
    ADC_RegularChannelConfig                 0x080005d3   Thumb Code   184  stm32f4xx_adc.o(.text)
    ADC_SoftwareStartConv                    0x0800068b   Thumb Code    10  stm32f4xx_adc.o(.text)
    ADC_GetSoftwareStartConvStatus           0x08000695   Thumb Code    20  stm32f4xx_adc.o(.text)
    ADC_EOCOnEachRegularChannelCmd           0x080006a9   Thumb Code    22  stm32f4xx_adc.o(.text)
    ADC_ContinuousModeCmd                    0x080006bf   Thumb Code    22  stm32f4xx_adc.o(.text)
    ADC_DiscModeChannelCountConfig           0x080006d5   Thumb Code    24  stm32f4xx_adc.o(.text)
    ADC_DiscModeCmd                          0x080006ed   Thumb Code    22  stm32f4xx_adc.o(.text)
    ADC_GetConversionValue                   0x08000703   Thumb Code     8  stm32f4xx_adc.o(.text)
    ADC_GetMultiModeConversionValue          0x0800070b   Thumb Code     8  stm32f4xx_adc.o(.text)
    ADC_DMACmd                               0x08000713   Thumb Code    22  stm32f4xx_adc.o(.text)
    ADC_DMARequestAfterLastTransferCmd       0x08000729   Thumb Code    22  stm32f4xx_adc.o(.text)
    ADC_MultiModeDMARequestAfterLastTransferCmd 0x0800073f   Thumb Code    34  stm32f4xx_adc.o(.text)
    ADC_InjectedChannelConfig                0x08000761   Thumb Code   130  stm32f4xx_adc.o(.text)
    ADC_InjectedSequencerLengthConfig        0x080007e3   Thumb Code    24  stm32f4xx_adc.o(.text)
    ADC_SetInjectedOffset                    0x080007fb   Thumb Code    20  stm32f4xx_adc.o(.text)
    ADC_ExternalTrigInjectedConvConfig       0x0800080f   Thumb Code    16  stm32f4xx_adc.o(.text)
    ADC_ExternalTrigInjectedConvEdgeConfig   0x0800081f   Thumb Code    16  stm32f4xx_adc.o(.text)
    ADC_SoftwareStartInjectedConv            0x0800082f   Thumb Code    10  stm32f4xx_adc.o(.text)
    ADC_GetSoftwareStartInjectedConvCmdStatus 0x08000839   Thumb Code    20  stm32f4xx_adc.o(.text)
    ADC_AutoInjectedConvCmd                  0x0800084d   Thumb Code    22  stm32f4xx_adc.o(.text)
    ADC_InjectedDiscModeCmd                  0x08000863   Thumb Code    22  stm32f4xx_adc.o(.text)
    ADC_GetInjectedConversionValue           0x08000879   Thumb Code    28  stm32f4xx_adc.o(.text)
    ADC_ITConfig                             0x08000895   Thumb Code    56  stm32f4xx_adc.o(.text)
    ADC_GetFlagStatus                        0x080008cd   Thumb Code    18  stm32f4xx_adc.o(.text)
    ADC_ClearFlag                            0x080008df   Thumb Code     6  stm32f4xx_adc.o(.text)
    ADC_GetITStatus                          0x080008e5   Thumb Code    38  stm32f4xx_adc.o(.text)
    ADC_ClearITPendingBit                    0x0800090b   Thumb Code    10  stm32f4xx_adc.o(.text)
    DMA_DeInit                               0x08000915   Thumb Code   324  stm32f4xx_dma.o(.text)
    DMA_Init                                 0x08000a59   Thumb Code    82  stm32f4xx_dma.o(.text)
    DMA_StructInit                           0x08000aab   Thumb Code    34  stm32f4xx_dma.o(.text)
    DMA_Cmd                                  0x08000acd   Thumb Code    22  stm32f4xx_dma.o(.text)
    DMA_PeriphIncOffsetSizeConfig            0x08000ae3   Thumb Code    22  stm32f4xx_dma.o(.text)
    DMA_FlowControllerConfig                 0x08000af9   Thumb Code    22  stm32f4xx_dma.o(.text)
    DMA_SetCurrDataCounter                   0x08000b0f   Thumb Code     4  stm32f4xx_dma.o(.text)
    DMA_GetCurrDataCounter                   0x08000b13   Thumb Code     8  stm32f4xx_dma.o(.text)
    DMA_DoubleBufferModeConfig               0x08000b1b   Thumb Code    24  stm32f4xx_dma.o(.text)
    DMA_DoubleBufferModeCmd                  0x08000b33   Thumb Code    22  stm32f4xx_dma.o(.text)
    DMA_MemoryTargetConfig                   0x08000b49   Thumb Code    10  stm32f4xx_dma.o(.text)
    DMA_GetCurrentMemoryTarget               0x08000b53   Thumb Code    20  stm32f4xx_dma.o(.text)
    DMA_GetCmdStatus                         0x08000b67   Thumb Code    20  stm32f4xx_dma.o(.text)
    DMA_GetFIFOStatus                        0x08000b7b   Thumb Code    12  stm32f4xx_dma.o(.text)
    DMA_GetFlagStatus                        0x08000b87   Thumb Code    56  stm32f4xx_dma.o(.text)
    DMA_ClearFlag                            0x08000bbf   Thumb Code    40  stm32f4xx_dma.o(.text)
    DMA_ITConfig                             0x08000be7   Thumb Code    58  stm32f4xx_dma.o(.text)
    DMA_GetITStatus                          0x08000c21   Thumb Code    84  stm32f4xx_dma.o(.text)
    DMA_ClearITPendingBit                    0x08000c75   Thumb Code    40  stm32f4xx_dma.o(.text)
    EXTI_DeInit                              0x08000cbd   Thumb Code    28  stm32f4xx_exti.o(.text)
    EXTI_Init                                0x08000cd9   Thumb Code   142  stm32f4xx_exti.o(.text)
    EXTI_StructInit                          0x08000d67   Thumb Code    16  stm32f4xx_exti.o(.text)
    EXTI_GenerateSWInterrupt                 0x08000d77   Thumb Code    16  stm32f4xx_exti.o(.text)
    EXTI_GetFlagStatus                       0x08000d87   Thumb Code    22  stm32f4xx_exti.o(.text)
    EXTI_ClearFlag                           0x08000d9d   Thumb Code     8  stm32f4xx_exti.o(.text)
    EXTI_GetITStatus                         0x08000da5   Thumb Code    22  stm32f4xx_exti.o(.text)
    EXTI_ClearITPendingBit                   0x08000dbb   Thumb Code     8  stm32f4xx_exti.o(.text)
    FSMC_NORSRAMDeInit                       0x08000dcd   Thumb Code    54  stm32f4xx_fsmc.o(.text)
    FSMC_NORSRAMInit                         0x08000e03   Thumb Code   282  stm32f4xx_fsmc.o(.text)
    FSMC_NORSRAMStructInit                   0x08000f1d   Thumb Code    48  stm32f4xx_fsmc.o(.text)
    FSMC_NORSRAMCmd                          0x08000f4d   Thumb Code    46  stm32f4xx_fsmc.o(.text)
    FSMC_NANDDeInit                          0x08000f7b   Thumb Code    62  stm32f4xx_fsmc.o(.text)
    FSMC_NANDInit                            0x08000fb9   Thumb Code   204  stm32f4xx_fsmc.o(.text)
    FSMC_NANDStructInit                      0x08001085   Thumb Code    54  stm32f4xx_fsmc.o(.text)
    FSMC_NANDCmd                             0x080010bb   Thumb Code    86  stm32f4xx_fsmc.o(.text)
    FSMC_NANDECCCmd                          0x08001111   Thumb Code    86  stm32f4xx_fsmc.o(.text)
    FSMC_GetECC                              0x08001167   Thumb Code    24  stm32f4xx_fsmc.o(.text)
    FSMC_PCCARDDeInit                        0x0800117f   Thumb Code    36  stm32f4xx_fsmc.o(.text)
    FSMC_PCCARDInit                          0x080011a3   Thumb Code   216  stm32f4xx_fsmc.o(.text)
    FSMC_PCCARDStructInit                    0x0800127b   Thumb Code    60  stm32f4xx_fsmc.o(.text)
    FSMC_PCCARDCmd                           0x080012b7   Thumb Code    42  stm32f4xx_fsmc.o(.text)
    FSMC_ITConfig                            0x080012e1   Thumb Code   128  stm32f4xx_fsmc.o(.text)
    FSMC_GetFlagStatus                       0x08001361   Thumb Code    54  stm32f4xx_fsmc.o(.text)
    FSMC_ClearFlag                           0x08001397   Thumb Code    62  stm32f4xx_fsmc.o(.text)
    FSMC_GetITStatus                         0x080013d5   Thumb Code    64  stm32f4xx_fsmc.o(.text)
    FSMC_ClearITPendingBit                   0x08001415   Thumb Code    68  stm32f4xx_fsmc.o(.text)
    GPIO_DeInit                              0x08001461   Thumb Code   268  stm32f4xx_gpio.o(.text)
    GPIO_Init                                0x0800156d   Thumb Code   144  stm32f4xx_gpio.o(.text)
    GPIO_StructInit                          0x080015fd   Thumb Code    18  stm32f4xx_gpio.o(.text)
    GPIO_PinLockConfig                       0x0800160f   Thumb Code    34  stm32f4xx_gpio.o(.text)
    GPIO_ReadInputDataBit                    0x08001631   Thumb Code    18  stm32f4xx_gpio.o(.text)
    GPIO_ReadInputData                       0x08001643   Thumb Code     8  stm32f4xx_gpio.o(.text)
    GPIO_ReadOutputDataBit                   0x0800164b   Thumb Code    18  stm32f4xx_gpio.o(.text)
    GPIO_ReadOutputData                      0x0800165d   Thumb Code     8  stm32f4xx_gpio.o(.text)
    GPIO_SetBits                             0x08001665   Thumb Code     4  stm32f4xx_gpio.o(.text)
    GPIO_ResetBits                           0x08001669   Thumb Code     4  stm32f4xx_gpio.o(.text)
    GPIO_WriteBit                            0x0800166d   Thumb Code    10  stm32f4xx_gpio.o(.text)
    GPIO_Write                               0x08001677   Thumb Code     4  stm32f4xx_gpio.o(.text)
    GPIO_ToggleBits                          0x0800167b   Thumb Code     8  stm32f4xx_gpio.o(.text)
    GPIO_PinAFConfig                         0x08001683   Thumb Code    70  stm32f4xx_gpio.o(.text)
    RCC_DeInit                               0x080016f5   Thumb Code    82  stm32f4xx_rcc.o(.text)
    RCC_HSEConfig                            0x08001747   Thumb Code    14  stm32f4xx_rcc.o(.text)
    RCC_GetFlagStatus                        0x08001755   Thumb Code    60  stm32f4xx_rcc.o(.text)
    RCC_WaitForHSEStartUp                    0x08001791   Thumb Code    56  stm32f4xx_rcc.o(.text)
    RCC_AdjustHSICalibrationValue            0x080017c9   Thumb Code    20  stm32f4xx_rcc.o(.text)
    RCC_HSICmd                               0x080017dd   Thumb Code     6  stm32f4xx_rcc.o(.text)
    RCC_LSEConfig                            0x080017e3   Thumb Code    46  stm32f4xx_rcc.o(.text)
    RCC_LSICmd                               0x08001811   Thumb Code     6  stm32f4xx_rcc.o(.text)
    RCC_PLLConfig                            0x08001817   Thumb Code    32  stm32f4xx_rcc.o(.text)
    RCC_PLLCmd                               0x08001837   Thumb Code     6  stm32f4xx_rcc.o(.text)
    RCC_PLLI2SConfig                         0x0800183d   Thumb Code    14  stm32f4xx_rcc.o(.text)
    RCC_PLLI2SCmd                            0x0800184b   Thumb Code     6  stm32f4xx_rcc.o(.text)
    RCC_PLLSAIConfig                         0x08001851   Thumb Code    20  stm32f4xx_rcc.o(.text)
    RCC_PLLSAICmd                            0x08001865   Thumb Code     6  stm32f4xx_rcc.o(.text)
    RCC_ClockSecuritySystemCmd               0x0800186b   Thumb Code     6  stm32f4xx_rcc.o(.text)
    RCC_MCO1Config                           0x08001871   Thumb Code    28  stm32f4xx_rcc.o(.text)
    RCC_MCO2Config                           0x0800188d   Thumb Code    28  stm32f4xx_rcc.o(.text)
    RCC_SYSCLKConfig                         0x080018a9   Thumb Code    20  stm32f4xx_rcc.o(.text)
    RCC_GetSYSCLKSource                      0x080018bd   Thumb Code    12  stm32f4xx_rcc.o(.text)
    RCC_HCLKConfig                           0x080018c9   Thumb Code    20  stm32f4xx_rcc.o(.text)
    RCC_PCLK1Config                          0x080018dd   Thumb Code    20  stm32f4xx_rcc.o(.text)
    RCC_PCLK2Config                          0x080018f1   Thumb Code    22  stm32f4xx_rcc.o(.text)
    RCC_GetClocksFreq                        0x08001907   Thumb Code   222  stm32f4xx_rcc.o(.text)
    RCC_RTCCLKConfig                         0x080019e5   Thumb Code    54  stm32f4xx_rcc.o(.text)
    RCC_RTCCLKCmd                            0x08001a1b   Thumb Code     8  stm32f4xx_rcc.o(.text)
    RCC_BackupResetCmd                       0x08001a23   Thumb Code     8  stm32f4xx_rcc.o(.text)
    RCC_I2SCLKConfig                         0x08001a2b   Thumb Code     6  stm32f4xx_rcc.o(.text)
    RCC_SAIBlockACLKConfig                   0x08001a31   Thumb Code    20  stm32f4xx_rcc.o(.text)
    RCC_SAIBlockBCLKConfig                   0x08001a45   Thumb Code    20  stm32f4xx_rcc.o(.text)
    RCC_SAIPLLI2SClkDivConfig                0x08001a59   Thumb Code    26  stm32f4xx_rcc.o(.text)
    RCC_SAIPLLSAIClkDivConfig                0x08001a73   Thumb Code    28  stm32f4xx_rcc.o(.text)
    RCC_LTDCCLKDivConfig                     0x08001a8f   Thumb Code    20  stm32f4xx_rcc.o(.text)
    RCC_TIMCLKPresConfig                     0x08001aa3   Thumb Code     6  stm32f4xx_rcc.o(.text)
    RCC_AHB1PeriphClockCmd                   0x08001aa9   Thumb Code    34  stm32f4xx_rcc.o(.text)
    RCC_AHB2PeriphClockCmd                   0x08001acb   Thumb Code    78  stm32f4xx_rcc.o(.text)
    RCC_AHB3PeriphClockCmd                   0x08001b19   Thumb Code    34  stm32f4xx_rcc.o(.text)
    RCC_APB1PeriphClockCmd                   0x08001b3b   Thumb Code    34  stm32f4xx_rcc.o(.text)
    RCC_APB2PeriphClockCmd                   0x08001b5d   Thumb Code    34  stm32f4xx_rcc.o(.text)
    RCC_AHB1PeriphResetCmd                   0x08001b7f   Thumb Code    34  stm32f4xx_rcc.o(.text)
    RCC_AHB2PeriphResetCmd                   0x08001ba1   Thumb Code    34  stm32f4xx_rcc.o(.text)
    RCC_AHB3PeriphResetCmd                   0x08001bc3   Thumb Code    34  stm32f4xx_rcc.o(.text)
    RCC_APB1PeriphResetCmd                   0x08001be5   Thumb Code    34  stm32f4xx_rcc.o(.text)
    RCC_APB2PeriphResetCmd                   0x08001c07   Thumb Code    34  stm32f4xx_rcc.o(.text)
    RCC_AHB1PeriphClockLPModeCmd             0x08001c29   Thumb Code    34  stm32f4xx_rcc.o(.text)
    RCC_AHB2PeriphClockLPModeCmd             0x08001c4b   Thumb Code    34  stm32f4xx_rcc.o(.text)
    RCC_AHB3PeriphClockLPModeCmd             0x08001c6d   Thumb Code    34  stm32f4xx_rcc.o(.text)
    RCC_APB1PeriphClockLPModeCmd             0x08001c8f   Thumb Code    34  stm32f4xx_rcc.o(.text)
    RCC_APB2PeriphClockLPModeCmd             0x08001cb1   Thumb Code    34  stm32f4xx_rcc.o(.text)
    RCC_LSEModeConfig                        0x08001cd3   Thumb Code    40  stm32f4xx_rcc.o(.text)
    RCC_ITConfig                             0x08001cfb   Thumb Code    34  stm32f4xx_rcc.o(.text)
    RCC_ClearFlag                            0x08001d1d   Thumb Code    18  stm32f4xx_rcc.o(.text)
    RCC_GetITStatus                          0x08001d2f   Thumb Code    22  stm32f4xx_rcc.o(.text)
    RCC_ClearITPendingBit                    0x08001d45   Thumb Code     8  stm32f4xx_rcc.o(.text)
    SYSCFG_DeInit                            0x08001d51   Thumb Code    22  stm32f4xx_syscfg.o(.text)
    SYSCFG_MemoryRemapConfig                 0x08001d67   Thumb Code     6  stm32f4xx_syscfg.o(.text)
    SYSCFG_MemorySwappingBank                0x08001d6d   Thumb Code     6  stm32f4xx_syscfg.o(.text)
    SYSCFG_EXTILineConfig                    0x08001d73   Thumb Code    66  stm32f4xx_syscfg.o(.text)
    SYSCFG_ETH_MediaInterfaceConfig          0x08001db5   Thumb Code     8  stm32f4xx_syscfg.o(.text)
    SYSCFG_CompensationCellCmd               0x08001dbd   Thumb Code     6  stm32f4xx_syscfg.o(.text)
    SYSCFG_GetCompensationCellStatus         0x08001dc3   Thumb Code    22  stm32f4xx_syscfg.o(.text)
    TIM_DeInit                               0x08001de5   Thumb Code   346  stm32f4xx_tim.o(.text)
    TIM_TimeBaseInit                         0x08001f3f   Thumb Code   104  stm32f4xx_tim.o(.text)
    TIM_TimeBaseStructInit                   0x08001fa7   Thumb Code    18  stm32f4xx_tim.o(.text)
    TIM_PrescalerConfig                      0x08001fb9   Thumb Code     6  stm32f4xx_tim.o(.text)
    TIM_CounterModeConfig                    0x08001fbf   Thumb Code    18  stm32f4xx_tim.o(.text)
    TIM_SetCounter                           0x08001fd1   Thumb Code     4  stm32f4xx_tim.o(.text)
    TIM_SetAutoreload                        0x08001fd5   Thumb Code     4  stm32f4xx_tim.o(.text)
    TIM_GetCounter                           0x08001fd9   Thumb Code     6  stm32f4xx_tim.o(.text)
    TIM_GetPrescaler                         0x08001fdf   Thumb Code     6  stm32f4xx_tim.o(.text)
    TIM_UpdateDisableConfig                  0x08001fe5   Thumb Code    24  stm32f4xx_tim.o(.text)
    TIM_UpdateRequestConfig                  0x08001ffd   Thumb Code    24  stm32f4xx_tim.o(.text)
    TIM_ARRPreloadConfig                     0x08002015   Thumb Code    24  stm32f4xx_tim.o(.text)
    TIM_SelectOnePulseMode                   0x0800202d   Thumb Code    18  stm32f4xx_tim.o(.text)
    TIM_SetClockDivision                     0x0800203f   Thumb Code    18  stm32f4xx_tim.o(.text)
    TIM_Cmd                                  0x08002051   Thumb Code    24  stm32f4xx_tim.o(.text)
    TIM_OC1Init                              0x08002069   Thumb Code   114  stm32f4xx_tim.o(.text)
    TIM_OC2Init                              0x080020db   Thumb Code   154  stm32f4xx_tim.o(.text)
    TIM_OC3Init                              0x08002175   Thumb Code   204  stm32f4xx_tim.o(.text)
    TIM_OC4Init                              0x08002241   Thumb Code   112  stm32f4xx_tim.o(.text)
    TIM_OCStructInit                         0x080022b1   Thumb Code    20  stm32f4xx_tim.o(.text)
    TIM_SelectOCxM                           0x080022c5   Thumb Code    86  stm32f4xx_tim.o(.text)
    TIM_SetCompare1                          0x0800231b   Thumb Code     4  stm32f4xx_tim.o(.text)
    TIM_SetCompare2                          0x0800231f   Thumb Code     4  stm32f4xx_tim.o(.text)
    TIM_SetCompare3                          0x08002323   Thumb Code     4  stm32f4xx_tim.o(.text)
    TIM_SetCompare4                          0x08002327   Thumb Code     4  stm32f4xx_tim.o(.text)
    TIM_ForcedOC1Config                      0x0800232b   Thumb Code    18  stm32f4xx_tim.o(.text)
    TIM_ForcedOC2Config                      0x0800233d   Thumb Code    26  stm32f4xx_tim.o(.text)
    TIM_ForcedOC3Config                      0x08002357   Thumb Code    18  stm32f4xx_tim.o(.text)
    TIM_ForcedOC4Config                      0x08002369   Thumb Code    26  stm32f4xx_tim.o(.text)
    TIM_OC1PreloadConfig                     0x08002383   Thumb Code    18  stm32f4xx_tim.o(.text)
    TIM_OC2PreloadConfig                     0x08002395   Thumb Code    26  stm32f4xx_tim.o(.text)
    TIM_OC3PreloadConfig                     0x080023af   Thumb Code    18  stm32f4xx_tim.o(.text)
    TIM_OC4PreloadConfig                     0x080023c1   Thumb Code    26  stm32f4xx_tim.o(.text)
    TIM_OC1FastConfig                        0x080023db   Thumb Code    18  stm32f4xx_tim.o(.text)
    TIM_OC2FastConfig                        0x080023ed   Thumb Code    26  stm32f4xx_tim.o(.text)
    TIM_OC3FastConfig                        0x08002407   Thumb Code    18  stm32f4xx_tim.o(.text)
    TIM_OC4FastConfig                        0x08002419   Thumb Code    26  stm32f4xx_tim.o(.text)
    TIM_ClearOC1Ref                          0x08002433   Thumb Code    18  stm32f4xx_tim.o(.text)
    TIM_ClearOC2Ref                          0x08002445   Thumb Code    24  stm32f4xx_tim.o(.text)
    TIM_ClearOC3Ref                          0x0800245d   Thumb Code    18  stm32f4xx_tim.o(.text)
    TIM_ClearOC4Ref                          0x0800246f   Thumb Code    24  stm32f4xx_tim.o(.text)
    TIM_OC1PolarityConfig                    0x08002487   Thumb Code    18  stm32f4xx_tim.o(.text)
    TIM_OC1NPolarityConfig                   0x08002499   Thumb Code    18  stm32f4xx_tim.o(.text)
    TIM_OC2PolarityConfig                    0x080024ab   Thumb Code    26  stm32f4xx_tim.o(.text)
    TIM_OC2NPolarityConfig                   0x080024c5   Thumb Code    26  stm32f4xx_tim.o(.text)
    TIM_OC3PolarityConfig                    0x080024df   Thumb Code    26  stm32f4xx_tim.o(.text)
    TIM_OC3NPolarityConfig                   0x080024f9   Thumb Code    26  stm32f4xx_tim.o(.text)
    TIM_OC4PolarityConfig                    0x08002513   Thumb Code    26  stm32f4xx_tim.o(.text)
    TIM_CCxCmd                               0x0800252d   Thumb Code    30  stm32f4xx_tim.o(.text)
    TIM_CCxNCmd                              0x0800254b   Thumb Code    30  stm32f4xx_tim.o(.text)
    TIM_SetIC4Prescaler                      0x08002569   Thumb Code    26  stm32f4xx_tim.o(.text)
    TIM_SetIC3Prescaler                      0x080025d3   Thumb Code    18  stm32f4xx_tim.o(.text)
    TIM_SetIC2Prescaler                      0x0800262d   Thumb Code    26  stm32f4xx_tim.o(.text)
    TIM_SetIC1Prescaler                      0x080026a1   Thumb Code    18  stm32f4xx_tim.o(.text)
    TIM_ICInit                               0x080026ed   Thumb Code   110  stm32f4xx_tim.o(.text)
    TIM_ICStructInit                         0x0800275b   Thumb Code    18  stm32f4xx_tim.o(.text)
    TIM_PWMIConfig                           0x0800276d   Thumb Code   124  stm32f4xx_tim.o(.text)
    TIM_GetCapture1                          0x080027e9   Thumb Code     6  stm32f4xx_tim.o(.text)
    TIM_GetCapture2                          0x080027ef   Thumb Code     6  stm32f4xx_tim.o(.text)
    TIM_GetCapture3                          0x080027f5   Thumb Code     6  stm32f4xx_tim.o(.text)
    TIM_GetCapture4                          0x080027fb   Thumb Code     6  stm32f4xx_tim.o(.text)
    TIM_BDTRConfig                           0x08002801   Thumb Code    32  stm32f4xx_tim.o(.text)
    TIM_BDTRStructInit                       0x08002821   Thumb Code    18  stm32f4xx_tim.o(.text)
    TIM_CtrlPWMOutputs                       0x08002833   Thumb Code    30  stm32f4xx_tim.o(.text)
    TIM_SelectCOM                            0x08002851   Thumb Code    24  stm32f4xx_tim.o(.text)
    TIM_CCPreloadControl                     0x08002869   Thumb Code    24  stm32f4xx_tim.o(.text)
    TIM_ITConfig                             0x08002881   Thumb Code    18  stm32f4xx_tim.o(.text)
    TIM_GenerateEvent                        0x08002893   Thumb Code     4  stm32f4xx_tim.o(.text)
    TIM_GetFlagStatus                        0x08002897   Thumb Code    18  stm32f4xx_tim.o(.text)
    TIM_ClearFlag                            0x080028a9   Thumb Code     6  stm32f4xx_tim.o(.text)
    TIM_GetITStatus                          0x080028af   Thumb Code    34  stm32f4xx_tim.o(.text)
    TIM_ClearITPendingBit                    0x080028d1   Thumb Code     6  stm32f4xx_tim.o(.text)
    TIM_DMAConfig                            0x080028d7   Thumb Code    10  stm32f4xx_tim.o(.text)
    TIM_DMACmd                               0x080028e1   Thumb Code    18  stm32f4xx_tim.o(.text)
    TIM_SelectCCDMA                          0x080028f3   Thumb Code    24  stm32f4xx_tim.o(.text)
    TIM_InternalClockConfig                  0x0800290b   Thumb Code    12  stm32f4xx_tim.o(.text)
    TIM_SelectInputTrigger                   0x08002917   Thumb Code    18  stm32f4xx_tim.o(.text)
    TIM_ITRxExternalClockConfig              0x08002929   Thumb Code    24  stm32f4xx_tim.o(.text)
    TIM_TIxExternalClockConfig               0x08002941   Thumb Code    62  stm32f4xx_tim.o(.text)
    TIM_ETRConfig                            0x0800297f   Thumb Code    28  stm32f4xx_tim.o(.text)
    TIM_ETRClockMode1Config                  0x0800299b   Thumb Code    54  stm32f4xx_tim.o(.text)
    TIM_ETRClockMode2Config                  0x080029d1   Thumb Code    32  stm32f4xx_tim.o(.text)
    TIM_SelectOutputTrigger                  0x080029f1   Thumb Code    18  stm32f4xx_tim.o(.text)
    TIM_SelectSlaveMode                      0x08002a03   Thumb Code    18  stm32f4xx_tim.o(.text)
    TIM_SelectMasterSlaveMode                0x08002a15   Thumb Code    18  stm32f4xx_tim.o(.text)
    TIM_EncoderInterfaceConfig               0x08002a27   Thumb Code    66  stm32f4xx_tim.o(.text)
    TIM_SelectHallSensor                     0x08002a69   Thumb Code    24  stm32f4xx_tim.o(.text)
    TIM_RemapConfig                          0x08002a81   Thumb Code     6  stm32f4xx_tim.o(.text)
    USART_DeInit                             0x08002a89   Thumb Code   206  stm32f4xx_usart.o(.text)
    USART_Init                               0x08002b57   Thumb Code   204  stm32f4xx_usart.o(.text)
    USART_StructInit                         0x08002c23   Thumb Code    24  stm32f4xx_usart.o(.text)
    USART_ClockInit                          0x08002c3b   Thumb Code    32  stm32f4xx_usart.o(.text)
    USART_ClockStructInit                    0x08002c5b   Thumb Code    12  stm32f4xx_usart.o(.text)
    USART_Cmd                                0x08002c67   Thumb Code    24  stm32f4xx_usart.o(.text)
    USART_SetPrescaler                       0x08002c7f   Thumb Code    16  stm32f4xx_usart.o(.text)
    USART_OverSampling8Cmd                   0x08002c8f   Thumb Code    22  stm32f4xx_usart.o(.text)
    USART_OneBitMethodCmd                    0x08002ca5   Thumb Code    24  stm32f4xx_usart.o(.text)
    USART_SendData                           0x08002cbd   Thumb Code     8  stm32f4xx_usart.o(.text)
    USART_ReceiveData                        0x08002cc5   Thumb Code    10  stm32f4xx_usart.o(.text)
    USART_SetAddress                         0x08002ccf   Thumb Code    18  stm32f4xx_usart.o(.text)
    USART_ReceiverWakeUpCmd                  0x08002ce1   Thumb Code    24  stm32f4xx_usart.o(.text)
    USART_WakeUpConfig                       0x08002cf9   Thumb Code    18  stm32f4xx_usart.o(.text)
    USART_LINBreakDetectLengthConfig         0x08002d0b   Thumb Code    18  stm32f4xx_usart.o(.text)
    USART_LINCmd                             0x08002d1d   Thumb Code    24  stm32f4xx_usart.o(.text)
    USART_SendBreak                          0x08002d35   Thumb Code    10  stm32f4xx_usart.o(.text)
    USART_HalfDuplexCmd                      0x08002d3f   Thumb Code    24  stm32f4xx_usart.o(.text)
    USART_SetGuardTime                       0x08002d57   Thumb Code    16  stm32f4xx_usart.o(.text)
    USART_SmartCardCmd                       0x08002d67   Thumb Code    24  stm32f4xx_usart.o(.text)
    USART_SmartCardNACKCmd                   0x08002d7f   Thumb Code    24  stm32f4xx_usart.o(.text)
    USART_IrDAConfig                         0x08002d97   Thumb Code    18  stm32f4xx_usart.o(.text)
    USART_IrDACmd                            0x08002da9   Thumb Code    24  stm32f4xx_usart.o(.text)
    USART_DMACmd                             0x08002dc1   Thumb Code    18  stm32f4xx_usart.o(.text)
    USART_ITConfig                           0x08002dd3   Thumb Code    74  stm32f4xx_usart.o(.text)
    USART_GetFlagStatus                      0x08002e1d   Thumb Code    26  stm32f4xx_usart.o(.text)
    USART_ClearFlag                          0x08002e37   Thumb Code    18  stm32f4xx_usart.o(.text)
    USART_GetITStatus                        0x08002e49   Thumb Code   118  stm32f4xx_usart.o(.text)
    USART_ClearITPendingBit                  0x08002ebf   Thumb Code    30  stm32f4xx_usart.o(.text)
    SPI_I2S_DeInit                           0x08002edd   Thumb Code   152  stm32f4xx_spi.o(.text)
    SPI_Init                                 0x08002f75   Thumb Code    60  stm32f4xx_spi.o(.text)
    I2S_Init                                 0x08002fb1   Thumb Code   396  stm32f4xx_spi.o(.text)
    SPI_StructInit                           0x0800313d   Thumb Code    24  stm32f4xx_spi.o(.text)
    I2S_StructInit                           0x08003155   Thumb Code    20  stm32f4xx_spi.o(.text)
    SPI_Cmd                                  0x08003169   Thumb Code    24  stm32f4xx_spi.o(.text)
    I2S_Cmd                                  0x08003181   Thumb Code    24  stm32f4xx_spi.o(.text)
    SPI_DataSizeConfig                       0x08003199   Thumb Code    18  stm32f4xx_spi.o(.text)
    SPI_BiDirectionalLineConfig              0x080031ab   Thumb Code    28  stm32f4xx_spi.o(.text)
    SPI_NSSInternalSoftwareConfig            0x080031c7   Thumb Code    30  stm32f4xx_spi.o(.text)
    SPI_SSOutputCmd                          0x080031e5   Thumb Code    24  stm32f4xx_spi.o(.text)
    SPI_TIModeCmd                            0x080031fd   Thumb Code    24  stm32f4xx_spi.o(.text)
    I2S_FullDuplexConfig                     0x08003215   Thumb Code    80  stm32f4xx_spi.o(.text)
    SPI_I2S_ReceiveData                      0x08003265   Thumb Code     6  stm32f4xx_spi.o(.text)
    SPI_I2S_SendData                         0x0800326b   Thumb Code     4  stm32f4xx_spi.o(.text)
    SPI_CalculateCRC                         0x0800326f   Thumb Code    24  stm32f4xx_spi.o(.text)
    SPI_TransmitCRC                          0x08003287   Thumb Code    10  stm32f4xx_spi.o(.text)
    SPI_GetCRC                               0x08003291   Thumb Code    16  stm32f4xx_spi.o(.text)
    SPI_GetCRCPolynomial                     0x080032a1   Thumb Code     6  stm32f4xx_spi.o(.text)
    SPI_I2S_DMACmd                           0x080032a7   Thumb Code    18  stm32f4xx_spi.o(.text)
    SPI_I2S_ITConfig                         0x080032b9   Thumb Code    68  stm32f4xx_spi.o(.text)
    SPI_I2S_GetFlagStatus                    0x080032fd   Thumb Code    18  stm32f4xx_spi.o(.text)
    SPI_I2S_ClearFlag                        0x0800330f   Thumb Code     6  stm32f4xx_spi.o(.text)
    SPI_I2S_GetITStatus                      0x08003315   Thumb Code    52  stm32f4xx_spi.o(.text)
    SPI_I2S_ClearITPendingBit                0x08003349   Thumb Code    20  stm32f4xx_spi.o(.text)
    SystickInit                              0x0800335d   Thumb Code    20  bsp.o(.text)
    LedInit                                  0x08003371   Thumb Code    90  bsp.o(.text)
    KeyInit                                  0x080033cb   Thumb Code    56  bsp.o(.text)
    Uart2Init                                0x08003403   Thumb Code   124  bsp.o(.text)
    OutPut_Data                              0x080034bb   Thumb Code    78  bsp.o(.text)
    AdcInit                                  0x08003509   Thumb Code   242  bsp.o(.text)
    Spi1Init                                 0x080035fb   Thumb Code   178  bsp.o(.text)
    Ad7606Init                               0x080036ad   Thumb Code   184  bsp.o(.text)
    Tim2Init                                 0x08003765   Thumb Code   126  bsp.o(.text)
    ExitPe0Init                              0x080037e3   Thumb Code   126  bsp.o(.text)
    ExitPd6Init                              0x08003861   Thumb Code   122  bsp.o(.text)
    ExitPa11Init                             0x080038db   Thumb Code   128  bsp.o(.text)
    FsmcInit                                 0x0800395b   Thumb Code   380  bsp.o(.text)
    PMPReadDWord                             0x08003ad7   Thumb Code    30  bsp.o(.text)
    PMPWriteDWord                            0x08003af5   Thumb Code    32  bsp.o(.text)
    PMPReadRegUsingCSR                       0x08003b15   Thumb Code    92  bsp.o(.text)
    PMPWriteRegUsingCSR                      0x08003b71   Thumb Code    92  bsp.o(.text)
    PMPReadPDRamRegister                     0x08003bcd   Thumb Code   304  bsp.o(.text)
    PMPWritePDRamRegister                    0x08003cfd   Thumb Code   262  bsp.o(.text)
    PMPReadDRegister                         0x08003e03   Thumb Code    38  bsp.o(.text)
    PMPWriteRegister                         0x08003e29   Thumb Code    38  bsp.o(.text)
    HW_EscReadIsr                            0x08003e51   Thumb Code    64  stm32f405hw.o(.text)
    HW_EscWrite                              0x08003eb5   Thumb Code   106  stm32f405hw.o(.text)
    HW_EscRead                               0x08003f1f   Thumb Code    68  stm32f405hw.o(.text)
    HW_Init                                  0x08003f63   Thumb Code   142  stm32f405hw.o(.text)
    HW_Release                               0x08003ff1   Thumb Code     2  stm32f405hw.o(.text)
    HW_GetALEventRegister                    0x08003ff3   Thumb Code    12  stm32f405hw.o(.text)
    HW_GetALEventRegister_Isr                0x08003fff   Thumb Code    12  stm32f405hw.o(.text)
    HW_EscWriteIsr                           0x0800400b   Thumb Code   102  stm32f405hw.o(.text)
    EXTI0_IRQHandler                         0x08004071   Thumb Code    14  stm32f405hw.o(.text)
    EXTI9_5_IRQHandler                       0x0800407f   Thumb Code    14  stm32f405hw.o(.text)
    EXTI15_10_IRQHandler                     0x0800408d   Thumb Code    38  stm32f405hw.o(.text)
    SysTick_Handler                          0x080040b3   Thumb Code     8  stm32f405hw.o(.text)
    APPL_AckErrorInd                         0x080040d9   Thumb Code     2  stm32f405appl.o(.text)
    APPL_StartMailboxHandler                 0x080040db   Thumb Code     4  stm32f405appl.o(.text)
    APPL_StopMailboxHandler                  0x080040df   Thumb Code     4  stm32f405appl.o(.text)
    APPL_StartInputHandler                   0x080040e3   Thumb Code     6  stm32f405appl.o(.text)
    APPL_StopInputHandler                    0x080040e9   Thumb Code     4  stm32f405appl.o(.text)
    APPL_StartOutputHandler                  0x080040ed   Thumb Code     4  stm32f405appl.o(.text)
    APPL_StopOutputHandler                   0x080040f1   Thumb Code    46  stm32f405appl.o(.text)
    APPL_GenerateMapping                     0x0800411f   Thumb Code   234  stm32f405appl.o(.text)
    APPL_InputMapping                        0x08004209   Thumb Code    94  stm32f405appl.o(.text)
    APPL_OutputMapping                       0x08004267   Thumb Code    54  stm32f405appl.o(.text)
    APPL_Application                         0x0800429d   Thumb Code   384  stm32f405appl.o(.text)
    ReadObject0x1802                         0x0800441d   Thumb Code    80  stm32f405appl.o(.text)
    main                                     0x0800446d   Thumb Code   270  stm32f405appl.o(.text)
    COE_GetObjectDictionary                  0x0800458d   Thumb Code     6  coeappl.o(.text)
    COE_RemoveDicEntry                       0x08004593   Thumb Code    62  coeappl.o(.text)
    COE_ClearObjDictionary                   0x080045d1   Thumb Code    32  coeappl.o(.text)
    COE_AddObjectToDic                       0x080045f1   Thumb Code   140  coeappl.o(.text)
    AddObjectsToObjDictionary                0x0800467d   Thumb Code    40  coeappl.o(.text)
    COE_ObjDictionaryInit                    0x080046a5   Thumb Code    38  coeappl.o(.text)
    COE_ObjInit                              0x080046cb   Thumb Code   132  coeappl.o(.text)
    COE_Main                                 0x0800474f   Thumb Code   154  coeappl.o(.text)
    PDO_InputMapping                         0x08004825   Thumb Code    24  ecatappl.o(.text)
    PDO_OutputMapping                        0x0800483d   Thumb Code    24  ecatappl.o(.text)
    ECAT_CheckTimer                          0x08004855   Thumb Code    52  ecatappl.o(.text)
    HandleBusCycleCalculation                0x08004889   Thumb Code   138  ecatappl.o(.text)
    ECAT_Application                         0x08004913   Thumb Code     8  ecatappl.o(.text)
    PDI_Isr                                  0x0800491b   Thumb Code   240  ecatappl.o(.text)
    Sync0_Isr                                0x08004a0b   Thumb Code   246  ecatappl.o(.text)
    Sync1_Isr                                0x08004b01   Thumb Code    40  ecatappl.o(.text)
    MainInit                                 0x08004b29   Thumb Code    36  ecatappl.o(.text)
    MainLoop                                 0x08004b4d   Thumb Code   158  ecatappl.o(.text)
    COE_Init                                 0x08004c65   Thumb Code    12  ecatcoe.o(.text)
    COE_ServiceInd                           0x08004c71   Thumb Code    72  ecatcoe.o(.text)
    COE_ContinueInd                          0x08004cb9   Thumb Code    64  ecatcoe.o(.text)
    ResetALEventMask                         0x08004d05   Thumb Code    50  ecatslv.o(.text)
    SetALEventMask                           0x08004d37   Thumb Code    50  ecatslv.o(.text)
    UpdateEEPROMLoadedState                  0x08004d69   Thumb Code    64  ecatslv.o(.text)
    GetSyncMan                               0x08004da9   Thumb Code    24  ecatslv.o(.text)
    DisableSyncManChannel                    0x08004dc1   Thumb Code    52  ecatslv.o(.text)
    EnableSyncManChannel                     0x08004df5   Thumb Code    50  ecatslv.o(.text)
    CheckSmSettings                          0x08004e27   Thumb Code   702  ecatslv.o(.text)
    StartInputHandler                        0x080050e5   Thumb Code  1570  ecatslv.o(.text)
    StartOutputHandler                       0x08005707   Thumb Code    36  ecatslv.o(.text)
    StopOutputHandler                        0x0800572b   Thumb Code    12  ecatslv.o(.text)
    StopInputHandler                         0x08005737   Thumb Code   126  ecatslv.o(.text)
    BackToInitTransition                     0x080057b5   Thumb Code     8  ecatslv.o(.text)
    SetALStatus                              0x080057bd   Thumb Code    72  ecatslv.o(.text)
    AL_ControlInd                            0x08005805   Thumb Code  1186  ecatslv.o(.text)
    AL_ControlRes                            0x08005ca7   Thumb Code   470  ecatslv.o(.text)
    DC_CheckWatchdog                         0x08005e7d   Thumb Code   306  ecatslv.o(.text)
    CheckIfEcatError                         0x08005faf   Thumb Code   120  ecatslv.o(.text)
    ECAT_StateChange                         0x08006027   Thumb Code   300  ecatslv.o(.text)
    ECAT_Init                                0x08006153   Thumb Code   196  ecatslv.o(.text)
    ECAT_Main                                0x08006217   Thumb Code   464  ecatslv.o(.text)
    PutInMbxQueue                            0x08006419   Thumb Code    44  mailbox.o(.text)
    GetOutOfMbxQueue                         0x08006445   Thumb Code    46  mailbox.o(.text)
    MBX_Init                                 0x08006473   Thumb Code   136  mailbox.o(.text)
    MBX_StartMailboxHandler                  0x080064fb   Thumb Code   166  mailbox.o(.text)
    MBX_StopMailboxHandler                   0x080065a1   Thumb Code   222  mailbox.o(.text)
    MailboxServiceInd                        0x0800667f   Thumb Code    34  mailbox.o(.text)
    MBX_CopyToSendMailbox                    0x080066a1   Thumb Code   186  mailbox.o(.text)
    MBX_MailboxSendReq                       0x0800675b   Thumb Code   132  mailbox.o(.text)
    MBX_MailboxWriteInd                      0x080067df   Thumb Code   202  mailbox.o(.text)
    MBX_MailboxReadInd                       0x080068a9   Thumb Code   140  mailbox.o(.text)
    MBX_MailboxRepeatReq                     0x08006935   Thumb Code    82  mailbox.o(.text)
    MBX_CheckAndCopyMailbox                  0x08006987   Thumb Code   250  mailbox.o(.text)
    MBX_Main                                 0x08006a81   Thumb Code    70  mailbox.o(.text)
    OBJ_GetObjectHandle                      0x08006b01   Thumb Code    32  objdef.o(.text)
    OBJ_GetObjectLength                      0x08006b21   Thumb Code   150  objdef.o(.text)
    OBJ_CopyNumberToString                   0x08006bb7   Thumb Code    60  objdef.o(.text)
    OBJ_GetEntryDesc                         0x08006bf3   Thumb Code    38  objdef.o(.text)
    OBJ_GetNoOfObjects                       0x08006c19   Thumb Code   100  objdef.o(.text)
    OBJ_GetObjectList                        0x08006c7d   Thumb Code   184  objdef.o(.text)
    OBJ_GetDesc                              0x08006d35   Thumb Code   200  objdef.o(.text)
    OBJ_GetObjDesc                           0x08006dfd   Thumb Code     8  objdef.o(.text)
    OBJ_GetEntryOffset                       0x08006e05   Thumb Code   262  objdef.o(.text)
    CheckSyncTypeValue                       0x08006f0b   Thumb Code   242  objdef.o(.text)
    OBJ_Read                                 0x08006ffd   Thumb Code  1162  objdef.o(.text)
    OBJ_Write                                0x08007487   Thumb Code  1208  objdef.o(.text)
    SdoRes                                   0x08007d25   Thumb Code   296  sdoserv.o(.text)
    SDOS_SdoInd                              0x08007e4d   Thumb Code  1104  sdoserv.o(.text)
    SDOS_SdoRes                              0x0800829d   Thumb Code   194  sdoserv.o(.text)
    SDOS_SdoInfoInd                          0x0800835f   Thumb Code   712  sdoserv.o(.text)
    __aeabi_memcpy                           0x08008669   Thumb Code    36  memcpya.o(.text)
    __aeabi_memcpy4                          0x08008669   Thumb Code     0  memcpya.o(.text)
    __aeabi_memcpy8                          0x08008669   Thumb Code     0  memcpya.o(.text)
    __aeabi_memset                           0x0800868d   Thumb Code    14  memseta.o(.text)
    __aeabi_memset4                          0x0800868d   Thumb Code     0  memseta.o(.text)
    __aeabi_memset8                          0x0800868d   Thumb Code     0  memseta.o(.text)
    __aeabi_memclr                           0x0800869b   Thumb Code     4  memseta.o(.text)
    __aeabi_memclr4                          0x0800869b   Thumb Code     0  memseta.o(.text)
    __aeabi_memclr8                          0x0800869b   Thumb Code     0  memseta.o(.text)
    _memset$wrapper                          0x0800869f   Thumb Code    18  memseta.o(.text)
    strlen                                   0x080086b1   Thumb Code    14  strlen.o(.text)
    __scatterload                            0x080086c1   Thumb Code    28  init.o(.text)
    __scatterload_rt2                        0x080086c1   Thumb Code     0  init.o(.text)
    __decompress                             0x080086e5   Thumb Code     0  __dczerorl2.o(.text)
    __decompress1                            0x080086e5   Thumb Code    86  __dczerorl2.o(.text)
    __scatterload_copy                       0x0800873b   Thumb Code    14  handlers.o(i.__scatterload_copy)
    __scatterload_null                       0x08008749   Thumb Code     2  handlers.o(i.__scatterload_null)
    __scatterload_zeroinit                   0x0800874b   Thumb Code    14  handlers.o(i.__scatterload_zeroinit)
    free                                     0x08008759   Thumb Code    76  malloc.o(i.free)
    malloc                                   0x080087a9   Thumb Code    92  malloc.o(i.malloc)
    FSMC_DefaultTimingStruct                 0x08008814   Data          28  stm32f4xx_fsmc.o(.constdata)
    asPDOAssignEntryDesc                     0x08008830   Data          12  stm32f405appl.o(.constdata)
    asEntryDesc0x0800                        0x0800883c   Data          18  stm32f405appl.o(.constdata)
    asEntryDesc0x1601                        0x0800884e   Data          60  stm32f405appl.o(.constdata)
    aName0x1601                              0x0800888a   Data          15  stm32f405appl.o(.constdata)
    asEntryDesc0x1802                        0x0800889a   Data          60  stm32f405appl.o(.constdata)
    aName0x1802                              0x080088d6   Data          63  stm32f405appl.o(.constdata)
    asEntryDesc0x1A00                        0x08008916   Data          60  stm32f405appl.o(.constdata)
    aName0x1A00                              0x08008952   Data          15  stm32f405appl.o(.constdata)
    asEntryDesc0x1A02                        0x08008962   Data          30  stm32f405appl.o(.constdata)
    aName0x1A02                              0x08008980   Data          15  stm32f405appl.o(.constdata)
    aName0x1C12                              0x0800898f   Data          13  stm32f405appl.o(.constdata)
    aName0x1C13                              0x0800899c   Data          13  stm32f405appl.o(.constdata)
    asEntryDesc0x6000                        0x080089aa   Data          18  stm32f405appl.o(.constdata)
    aName0x6000                              0x080089bc   Data          21  stm32f405appl.o(.constdata)
    asEntryDesc0x6020                        0x080089d2   Data          30  stm32f405appl.o(.constdata)
    aName0x6020                              0x080089f0   Data          25  stm32f405appl.o(.constdata)
    asEntryDesc0x7000                        0x08008a0a   Data          18  stm32f405appl.o(.constdata)
    aName0x7000                              0x08008a1c   Data          19  stm32f405appl.o(.constdata)
    sEntryDesc0x1000                         0x08008a30   Data           6  coeappl.o(.constdata)
    aName0x1000                              0x08008a36   Data          12  coeappl.o(.constdata)
    sEntryDesc0x1001                         0x08008a42   Data           6  coeappl.o(.constdata)
    aName0x1001                              0x08008a48   Data          15  coeappl.o(.constdata)
    sEntryDesc0x1008                         0x08008a58   Data           6  coeappl.o(.constdata)
    aName0x1008                              0x08008a5e   Data          12  coeappl.o(.constdata)
    sEntryDesc0x1009                         0x08008a6a   Data           6  coeappl.o(.constdata)
    aName0x1009                              0x08008a70   Data          17  coeappl.o(.constdata)
    sEntryDesc0x100A                         0x08008a82   Data           6  coeappl.o(.constdata)
    aName0x100A                              0x08008a88   Data          17  coeappl.o(.constdata)
    asEntryDesc0x1018                        0x08008a9a   Data          30  coeappl.o(.constdata)
    aName0x1018                              0x08008ab8   Data          57  coeappl.o(.constdata)
    asEntryDesc0x10F1                        0x08008af2   Data          18  coeappl.o(.constdata)
    aName0x10F1                              0x08008b04   Data          63  coeappl.o(.constdata)
    asEntryDesc0x1C00                        0x08008b44   Data          12  coeappl.o(.constdata)
    aName0x1C00                              0x08008b50   Data          18  coeappl.o(.constdata)
    asEntryDesc0x1C3x                        0x08008b62   Data         198  coeappl.o(.constdata)
    aName0x1C32                              0x08008c28   Data         256  coeappl.o(.constdata)
    aName0x1C33                              0x08008d28   Data         255  coeappl.o(.constdata)
    cBitMask                                 0x08008e28   Data          32  objdef.o(.constdata)
    cAbortCode                               0x08008e48   Data         120  sdoserv.o(.constdata)
    Region$$Table$$Base                      0x08008ec0   Number         0  anon$$obj.o(Region$$Table)
    Region$$Table$$Limit                     0x08008ee0   Number         0  anon$$obj.o(Region$$Table)
    SystemCoreClock                          0x20000000   Data           4  system_stm32f4xx.o(.data)
    AHBPrescTable                            0x20000004   Data          16  system_stm32f4xx.o(.data)
    uhADCxConvertedValue                     0x20000024   Data           2  bsp.o(.data)
    EscALEvent                               0x2000002c   Data           2  stm32f405hw.o(.data)
    sEnum0800_Value00                        0x20000030   Data          24  stm32f405appl.o(.data)
    sEnum0800_Value01                        0x20000048   Data          26  stm32f405appl.o(.data)
    apEnum0800                               0x20000064   Data           8  stm32f405appl.o(.data)
    sDORxPDOMap                              0x2000006c   Data          40  stm32f405appl.o(.data)
    TxPDO1802Subindex0                       0x20000094   Data           2  stm32f405appl.o(.data)
    sDITxPDOMap                              0x20000098   Data          40  stm32f405appl.o(.data)
    sAITxPDOMap                              0x200000c0   Data          36  stm32f405appl.o(.data)
    sRxPDOassign                             0x200000e4   Data           4  stm32f405appl.o(.data)
    sTxPDOassign                             0x200000e8   Data           6  stm32f405appl.o(.data)
    sDIInputs                                0x200000ee   Data           4  stm32f405appl.o(.data)
    sAIInputs                                0x200000f2   Data          10  stm32f405appl.o(.data)
    sDOOutputs                               0x200000fc   Data           4  stm32f405appl.o(.data)
    ApplicationObjDic                        0x20000100   Data         440  stm32f405appl.o(.data)
    u32Devicetype                            0x200002b8   Data           4  coeappl.o(.data)
    u16ErrorRegister                         0x200002bc   Data           2  coeappl.o(.data)
    acDevicename                             0x200002be   Data          11  coeappl.o(.data)
    acHardwareversion                        0x200002c9   Data           4  coeappl.o(.data)
    acSoftwareversion                        0x200002cd   Data           5  coeappl.o(.data)
    sIdentity                                0x200002d4   Data          20  coeappl.o(.data)
    sSyncmanagertype                         0x200002e8   Data           6  coeappl.o(.data)
    ObjDicList                               0x200002f0   Data           4  coeappl.o(.data)
    GenObjDic                                0x200002f4   Data         440  coeappl.o(.data)
    bEcatWaitForInputUpdate                  0x200004ac   Data           1  ecatappl.o(.data)
    bEtherCATRunLed                          0x200004ad   Data           1  ecatappl.o(.data)
    bEtherCATErrorLed                        0x200004ae   Data           1  ecatappl.o(.data)
    bRunApplication                          0x200004af   Data           1  ecatappl.o(.data)
    pAPPL_EEPROM_Read                        0x200004b0   Data           4  ecatappl.o(.data)
    pAPPL_EEPROM_Write                       0x200004b4   Data           4  ecatappl.o(.data)
    pAPPL_EEPROM_Reload                      0x200004b8   Data           4  ecatappl.o(.data)
    u16BusCycleCntMs                         0x200004bc   Data           2  ecatappl.o(.data)
    StartTimerCnt                            0x200004c0   Data           4  ecatappl.o(.data)
    bCycleTimeMeasurementStarted             0x200004c4   Data           1  ecatappl.o(.data)
    bInitFinished                            0x200004c5   Data           1  ecatappl.o(.data)
    pCoeSendStored                           0x200004c8   Data           4  ecatcoe.o(.data)
    bEcatOutputUpdateRunning                 0x200004cc   Data           1  ecatslv.o(.data)
    bEcatInputUpdateRunning                  0x200004cd   Data           1  ecatslv.o(.data)
    bEcatFirstOutputsReceived                0x200004ce   Data           1  ecatslv.o(.data)
    bWdTrigger                               0x200004cf   Data           1  ecatslv.o(.data)
    bDcSyncActive                            0x200004d0   Data           1  ecatslv.o(.data)
    EsmTimeoutCounter                        0x200004d2   Data           2  ecatslv.o(.data)
    bDcRunning                               0x200004d4   Data           1  ecatslv.o(.data)
    u16SmSync0Counter                        0x200004d6   Data           2  ecatslv.o(.data)
    u16SmSync0Value                          0x200004d8   Data           2  ecatslv.o(.data)
    bSmSyncSequenceValid                     0x200004da   Data           1  ecatslv.o(.data)
    i16WaitForPllRunningTimeout              0x200004dc   Data           2  ecatslv.o(.data)
    i16WaitForPllRunningCnt                  0x200004de   Data           2  ecatslv.o(.data)
    Sync0WdCounter                           0x200004e0   Data           2  ecatslv.o(.data)
    Sync0WdValue                             0x200004e2   Data           2  ecatslv.o(.data)
    Sync1WdCounter                           0x200004e4   Data           2  ecatslv.o(.data)
    Sync1WdValue                             0x200004e6   Data           2  ecatslv.o(.data)
    LatchInputSync0Value                     0x200004e8   Data           2  ecatslv.o(.data)
    LatchInputSync0Counter                   0x200004ea   Data           2  ecatslv.o(.data)
    bEscIntEnabled                           0x200004ec   Data           1  ecatslv.o(.data)
    b3BufferMode                             0x200004ed   Data           1  ecatslv.o(.data)
    bLocalErrorFlag                          0x200004ee   Data           1  ecatslv.o(.data)
    u16LocalErrorCode                        0x200004f0   Data           2  ecatslv.o(.data)
    bApplEsmPending                          0x200004f2   Data           1  ecatslv.o(.data)
    bEcatWaitForAlControlRes                 0x200004f3   Data           1  ecatslv.o(.data)
    nEcatStateTrans                          0x200004f4   Data           2  ecatslv.o(.data)
    nPdInputSize                             0x200004f6   Data           2  ecatslv.o(.data)
    nPdOutputSize                            0x200004f8   Data           2  ecatslv.o(.data)
    nMaxSyncMan                              0x200004fa   Data           1  ecatslv.o(.data)
    nMaxEscAddress                           0x200004fc   Data           2  ecatslv.o(.data)
    nAlStatus                                0x200004fe   Data           1  ecatslv.o(.data)
    EcatWdValue                              0x20000500   Data           2  ecatslv.o(.data)
    nEscAddrOutputData                       0x20000502   Data           2  ecatslv.o(.data)
    nEscAddrInputData                        0x20000504   Data           2  ecatslv.o(.data)
    u16ALEventMask                           0x20000506   Data           2  ecatslv.o(.data)
    u16dummy                                 0x20000508   Data           2  ecatslv.o(.data)
    SMActivate                               0x2000050a   Data           2  ecatslv.o(.data)
    SyncManInfo                              0x2000050c   Data           8  ecatslv.o(.data)
    EepromLoaded                             0x20000514   Data           1  ecatslv.o(.data)
    bReceiveMbxIsLocked                      0x20000518   Data           1  mailbox.o(.data)
    bSendMbxIsFull                           0x20000519   Data           1  mailbox.o(.data)
    bMbxRunning                              0x2000051a   Data           1  mailbox.o(.data)
    bMbxRepeatToggle                         0x2000051b   Data           1  mailbox.o(.data)
    u16SendMbxSize                           0x2000051c   Data           2  mailbox.o(.data)
    u16ReceiveMbxSize                        0x2000051e   Data           2  mailbox.o(.data)
    u16EscAddrReceiveMbx                     0x20000520   Data           2  mailbox.o(.data)
    u16EscAddrSendMbx                        0x20000522   Data           2  mailbox.o(.data)
    u8MbxWriteCounter                        0x20000524   Data           1  mailbox.o(.data)
    u8MbxReadCounter                         0x20000525   Data           1  mailbox.o(.data)
    u8MailboxSendReqStored                   0x20000526   Data           1  mailbox.o(.data)
    psWriteMbx                               0x20000528   Data           4  mailbox.o(.data)
    psReadMbx                                0x2000052c   Data           4  mailbox.o(.data)
    psRepeatMbx                              0x20000530   Data           4  mailbox.o(.data)
    psStoreMbx                               0x20000534   Data           4  mailbox.o(.data)
    bNoMbxMemoryAvailable                    0x20000538   Data           1  mailbox.o(.data)
    bSyncSetByUser                           0x2000053c   Data           1  objdef.o(.data)
    sCycleDiag                               0x2000053e   Data           2  objdef.o(.data)
    sErrorSettings                           0x20000540   Data          12  objdef.o(.data)
    aSubindexDesc                            0x2000054c   Data          13  objdef.o(.data)
    u8PendingSdo                             0x2000055c   Data           1  sdoserv.o(.data)
    bStoreCompleteAccess                     0x2000055d   Data           1  sdoserv.o(.data)
    u8StoreSubindex                          0x2000055e   Data           1  sdoserv.o(.data)
    u16StoreIndex                            0x20000560   Data           2  sdoserv.o(.data)
    u32StoreDataSize                         0x20000564   Data           4  sdoserv.o(.data)
    pStoreData                               0x20000568   Data           4  sdoserv.o(.data)
    pSdoPendFunc                             0x2000056c   Data           4  sdoserv.o(.data)
    pSdoSegData                              0x20000570   Data           4  sdoserv.o(.data)
    nSdoInfoFragmentsLeft                    0x20000574   Data           2  sdoserv.o(.data)
    nSdoInfoIndex                            0x20000576   Data           2  sdoserv.o(.data)
    pSdoInfoObjEntry                         0x20000578   Data           4  sdoserv.o(.data)
    pSdoResStored                            0x2000057c   Data           4  sdoserv.o(.data)
    bSdoInWork                               0x20000580   Data           1  sdoserv.o(.data)
    nSdoSegService                           0x20000581   Data           1  sdoserv.o(.data)
    bSdoSegFollows                           0x20000582   Data           1  sdoserv.o(.data)
    bSdoSegAccess                            0x20000583   Data           1  sdoserv.o(.data)
    nSdoSegIndex                             0x20000584   Data           2  sdoserv.o(.data)
    nSdoSegSubindex                          0x20000586   Data           1  sdoserv.o(.data)
    nSdoSegBytesToHandle                     0x20000588   Data           4  sdoserv.o(.data)
    bSdoSegLastToggle                        0x2000058c   Data           1  sdoserv.o(.data)
    nSdoSegCompleteSize                      0x20000590   Data           4  sdoserv.o(.data)
    pSdoSegObjEntry                          0x20000594   Data           4  sdoserv.o(.data)
    __microlib_freelist                      0x20000598   Data           4  mvars.o(.data)
    __microlib_freelist_initialised          0x2000059c   Data           4  mvars.o(.data)
    ad7606_value                             0x200005a0   Data          16  stm32f405appl.o(.bss)
    aPdOutputData                            0x200005b0   Data          68  ecatappl.o(.bss)
    aPdInputData                             0x200005f4   Data          68  ecatappl.o(.bss)
    asMbx                                    0x20000638   Data         512  mailbox.o(.bss)
    sMbxSendQueue                            0x20000838   Data          52  mailbox.o(.bss)
    sMbxReceiveQueue                         0x2000086c   Data          52  mailbox.o(.bss)
    sSyncManOutPar                           0x200008a0   Data          68  objdef.o(.bss)
    sSyncManInPar                            0x200008e4   Data          68  objdef.o(.bss)
    aSdoInfoHeader                           0x20000928   Data          14  sdoserv.o(.bss)
    __heap_base                              0x20000938   Data           0  startup_stm32f40_41xxx.o(HEAP)
    __heap_limit                             0x20002938   Data           0  startup_stm32f40_41xxx.o(HEAP)
    __initial_sp                             0x20004938   Data           0  startup_stm32f40_41xxx.o(STACK)



==============================================================================

Memory Map of the image

  Image Entry point : 0x08000189

  Load Region LR_IROM1 (Base: 0x08000000, Size: 0x00009480, Max: 0x00080000, ABSOLUTE, COMPRESSED[0x000090f4])

    Execution Region ER_IROM1 (Base: 0x08000000, Size: 0x00008ee0, Max: 0x00080000, ABSOLUTE)

    Base Addr    Size         Type   Attr      Idx    E Section Name        Object

    0x08000000   0x00000188   Data   RO            3    RESET               startup_stm32f40_41xxx.o
    0x08000188   0x00000000   Code   RO          845  * .ARM.Collect$$$$00000000  mc_w.l(entry.o)
    0x08000188   0x00000004   Code   RO          884    .ARM.Collect$$$$00000001  mc_w.l(entry2.o)
    0x0800018c   0x00000004   Code   RO          887    .ARM.Collect$$$$00000004  mc_w.l(entry5.o)
    0x08000190   0x00000000   Code   RO          889    .ARM.Collect$$$$00000008  mc_w.l(entry7b.o)
    0x08000190   0x00000000   Code   RO          891    .ARM.Collect$$$$0000000A  mc_w.l(entry8b.o)
    0x08000190   0x00000008   Code   RO          892    .ARM.Collect$$$$0000000B  mc_w.l(entry9a.o)
    0x08000198   0x00000000   Code   RO          894    .ARM.Collect$$$$0000000D  mc_w.l(entry10a.o)
    0x08000198   0x00000000   Code   RO          896    .ARM.Collect$$$$0000000F  mc_w.l(entry11a.o)
    0x08000198   0x00000004   Code   RO          885    .ARM.Collect$$$$00002712  mc_w.l(entry2.o)
    0x0800019c   0x00000024   Code   RO            4    .text               startup_stm32f40_41xxx.o
    0x080001c0   0x00000210   Code   RO           13    .text               system_stm32f4xx.o
    0x080003d0   0x000000e0   Code   RO           99    .text               misc.o
    0x080004b0   0x00000464   Code   RO          127    .text               stm32f4xx_adc.o
    0x08000914   0x000003a8   Code   RO          151    .text               stm32f4xx_dma.o
    0x08000cbc   0x00000110   Code   RO          175    .text               stm32f4xx_exti.o
    0x08000dcc   0x00000694   Code   RO          199    .text               stm32f4xx_fsmc.o
    0x08001460   0x00000294   Code   RO          226    .text               stm32f4xx_gpio.o
    0x080016f4   0x0000065c   Code   RO          250    .text               stm32f4xx_rcc.o
    0x08001d50   0x00000094   Code   RO          276    .text               stm32f4xx_syscfg.o
    0x08001de4   0x00000ca2   Code   RO          300    .text               stm32f4xx_tim.o
    0x08002a86   0x00000002   PAD
    0x08002a88   0x00000454   Code   RO          324    .text               stm32f4xx_usart.o
    0x08002edc   0x00000480   Code   RO          348    .text               stm32f4xx_spi.o
    0x0800335c   0x00000af2   Code   RO          375    .text               bsp.o
    0x08003e4e   0x00000002   PAD
    0x08003e50   0x00000288   Code   RO          408    .text               stm32f405hw.o
    0x080040d8   0x000004b4   Code   RO          466    .text               stm32f405appl.o
    0x0800458c   0x00000298   Code   RO          525    .text               coeappl.o
    0x08004824   0x00000440   Code   RO          560    .text               ecatappl.o
    0x08004c64   0x000000a0   Code   RO          625    .text               ecatcoe.o
    0x08004d04   0x00001714   Code   RO          674    .text               ecatslv.o
    0x08006418   0x000006e8   Code   RO          742    .text               mailbox.o
    0x08006b00   0x00000e4c   Code   RO          778    .text               objdef.o
    0x0800794c   0x00000d1c   Code   RO          811    .text               sdoserv.o
    0x08008668   0x00000024   Code   RO          848    .text               mc_w.l(memcpya.o)
    0x0800868c   0x00000024   Code   RO          850    .text               mc_w.l(memseta.o)
    0x080086b0   0x0000000e   Code   RO          852    .text               mc_w.l(strlen.o)
    0x080086be   0x00000002   PAD
    0x080086c0   0x00000024   Code   RO          900    .text               mc_w.l(init.o)
    0x080086e4   0x00000056   Code   RO          910    .text               mc_w.l(__dczerorl2.o)
    0x0800873a   0x0000000e   Code   RO          904    i.__scatterload_copy  mc_w.l(handlers.o)
    0x08008748   0x00000002   Code   RO          905    i.__scatterload_null  mc_w.l(handlers.o)
    0x0800874a   0x0000000e   Code   RO          906    i.__scatterload_zeroinit  mc_w.l(handlers.o)
    0x08008758   0x00000050   Code   RO          856    i.free              mc_w.l(malloc.o)
    0x080087a8   0x0000006c   Code   RO          857    i.malloc            mc_w.l(malloc.o)
    0x08008814   0x0000001c   Data   RO          200    .constdata          stm32f4xx_fsmc.o
    0x08008830   0x000001ff   Data   RO          468    .constdata          stm32f405appl.o
    0x08008a2f   0x00000001   PAD
    0x08008a30   0x000003f7   Data   RO          526    .constdata          coeappl.o
    0x08008e27   0x00000001   PAD
    0x08008e28   0x00000020   Data   RO          780    .constdata          objdef.o
    0x08008e48   0x00000078   Data   RO          813    .constdata          sdoserv.o
    0x08008ec0   0x00000020   Data   RO          902    Region$$Table       anon$$obj.o


    Execution Region RW_IRAM1 (Base: 0x20000000, Size: 0x00004938, Max: 0x00020000, ABSOLUTE, COMPRESSED[0x00000214])

    Base Addr    Size         Type   Attr      Idx    E Section Name        Object

    0x20000000   0x00000014   Data   RW           14    .data               system_stm32f4xx.o
    0x20000014   0x00000010   Data   RW          251    .data               stm32f4xx_rcc.o
    0x20000024   0x00000008   Data   RW          376    .data               bsp.o
    0x2000002c   0x00000002   Data   RW          409    .data               stm32f405hw.o
    0x2000002e   0x00000002   PAD
    0x20000030   0x00000288   Data   RW          469    .data               stm32f405appl.o
    0x200002b8   0x000001f4   Data   RW          527    .data               coeappl.o
    0x200004ac   0x0000001a   Data   RW          562    .data               ecatappl.o
    0x200004c6   0x00000002   PAD
    0x200004c8   0x00000004   Data   RW          626    .data               ecatcoe.o
    0x200004cc   0x00000049   Data   RW          675    .data               ecatslv.o
    0x20000515   0x00000003   PAD
    0x20000518   0x00000021   Data   RW          744    .data               mailbox.o
    0x20000539   0x00000003   PAD
    0x2000053c   0x0000001d   Data   RW          781    .data               objdef.o
    0x20000559   0x00000003   PAD
    0x2000055c   0x0000003c   Data   RW          814    .data               sdoserv.o
    0x20000598   0x00000004   Data   RW          898    .data               mc_w.l(mvars.o)
    0x2000059c   0x00000004   Data   RW          899    .data               mc_w.l(mvars.o)
    0x200005a0   0x00000010   Zero   RW          467    .bss                stm32f405appl.o
    0x200005b0   0x00000088   Zero   RW          561    .bss                ecatappl.o
    0x20000638   0x00000268   Zero   RW          743    .bss                mailbox.o
    0x200008a0   0x00000088   Zero   RW          779    .bss                objdef.o
    0x20000928   0x0000000e   Zero   RW          812    .bss                sdoserv.o
    0x20000936   0x00000002   PAD
    0x20000938   0x00002000   Zero   RW            2    HEAP                startup_stm32f40_41xxx.o
    0x20002938   0x00002000   Zero   RW            1    STACK               startup_stm32f40_41xxx.o


==============================================================================

Image component sizes


      Code (inc. data)   RO Data    RW Data    ZI Data      Debug   Object Name

      2802         88          0          8          0      12613   bsp.o
       664         60       1015        500          0       5231   coeappl.o
      1088        122          0         26        136       4963   ecatappl.o
       160         22          0          4          0       2599   ecatcoe.o
      5908        558          0         73          0      12186   ecatslv.o
      1768        144          0         33        616       8067   mailbox.o
       224         20          0          0          0       2029   misc.o
      3660        124         32         29        136      14029   objdef.o
      3356        244        120         60         14      20973   sdoserv.o
        36          8        392          0      16384        964   startup_stm32f40_41xxx.o
      1204         70        511        648         16      24426   stm32f405appl.o
       648          8          0          2          0      34406   stm32f405hw.o
      1124         24          0          0          0      10902   stm32f4xx_adc.o
       936         32          0          0          0       6605   stm32f4xx_dma.o
       272         10          0          0          0       2499   stm32f4xx_exti.o
      1684         36         28          0          0       6290   stm32f4xx_fsmc.o
       660         44          0          0          0       4365   stm32f4xx_gpio.o
      1628         52          0         16          0      13356   stm32f4xx_rcc.o
      1152         36          0          0          0      15405   stm32f4xx_spi.o
       148         12          0          0          0       1933   stm32f4xx_syscfg.o
      3234         60          0          0          0      23224   stm32f4xx_tim.o
      1108         34          0          0          0       8096   stm32f4xx_usart.o
       528         46          0         20          0     322735   system_stm32f4xx.o

    ----------------------------------------------------------------------
     33996       1854       2132       1432      17304     557896   Object Totals
         0          0         32          0          0          0   (incl. Generated)
         4          0          2         13          2          0   (incl. Padding)

    ----------------------------------------------------------------------

      Code (inc. data)   RO Data    RW Data    ZI Data      Debug   Library Member Name

        86          0          0          0          0          0   __dczerorl2.o
         0          0          0          0          0          0   entry.o
         0          0          0          0          0          0   entry10a.o
         0          0          0          0          0          0   entry11a.o
         8          4          0          0          0          0   entry2.o
         4          0          0          0          0          0   entry5.o
         0          0          0          0          0          0   entry7b.o
         0          0          0          0          0          0   entry8b.o
         8          4          0          0          0          0   entry9a.o
        30          0          0          0          0          0   handlers.o
        36          8          0          0          0         68   init.o
       188         20          0          0          0        160   malloc.o
        36          0          0          0          0         68   memcpya.o
        36          0          0          0          0        108   memseta.o
         0          0          0          8          0          0   mvars.o
        14          0          0          0          0         68   strlen.o

    ----------------------------------------------------------------------
       448         36          0          8          0        472   Library Totals
         2          0          0          0          0          0   (incl. Padding)

    ----------------------------------------------------------------------

      Code (inc. data)   RO Data    RW Data    ZI Data      Debug   Library Name

       446         36          0          8          0        472   mc_w.l

    ----------------------------------------------------------------------
       448         36          0          8          0        472   Library Totals

    ----------------------------------------------------------------------

==============================================================================


      Code (inc. data)   RO Data    RW Data    ZI Data      Debug   

     34444       1890       2132       1440      17304     552396   Grand Totals
     34444       1890       2132        532      17304     552396   ELF Image Totals (compressed)
     34444       1890       2132        532          0          0   ROM Totals

==============================================================================

    Total RO  Size (Code + RO Data)                36576 (  35.72kB)
    Total RW  Size (RW Data + ZI Data)             18744 (  18.30kB)
    Total ROM Size (Code + RO Data + RW Data)      37108 (  36.24kB)

==============================================================================

